Archive member included because of file (symbol)

c:/isystem/winidea9/gcc/arm/bin/../lib/gcc/arm-none-eabi/4.9.3/../../../../arm-none-eabi/lib/cortex-m7\libc.a(lib_a-assert.o)
                              C:\SAMV71x\app\01_scheduler\SAMV71_Xplained_Ultra\Debug\pmc.o (__assert_func)
c:/isystem/winidea9/gcc/arm/bin/../lib/gcc/arm-none-eabi/4.9.3/../../../../arm-none-eabi/lib/cortex-m7\libc.a(lib_a-fiprintf.o)
                              c:/isystem/winidea9/gcc/arm/bin/../lib/gcc/arm-none-eabi/4.9.3/../../../../arm-none-eabi/lib/cortex-m7\libc.a(lib_a-assert.o) (fiprintf)
c:/isystem/winidea9/gcc/arm/bin/../lib/gcc/arm-none-eabi/4.9.3/../../../../arm-none-eabi/lib/cortex-m7\libc.a(lib_a-impure.o)
                              C:\SAMV71x\app\01_scheduler\SAMV71_Xplained_Ultra\Debug\dbg_console.o (_impure_ptr)
c:/isystem/winidea9/gcc/arm/bin/../lib/gcc/arm-none-eabi/4.9.3/../../../../arm-none-eabi/lib/cortex-m7\libc.a(lib_a-printf.o)
                              C:\SAMV71x\app\01_scheduler\SAMV71_Xplained_Ultra\Debug\syscalls.o (printf)
c:/isystem/winidea9/gcc/arm/bin/../lib/gcc/arm-none-eabi/4.9.3/../../../../arm-none-eabi/lib/cortex-m7\libc.a(lib_a-putchar.o)
                              C:\SAMV71x\app\01_scheduler\SAMV71_Xplained_Ultra\Debug\dbg_console.o (putchar)
c:/isystem/winidea9/gcc/arm/bin/../lib/gcc/arm-none-eabi/4.9.3/../../../../arm-none-eabi/lib/cortex-m7\libc.a(lib_a-setvbuf.o)
                              C:\SAMV71x\app\01_scheduler\SAMV71_Xplained_Ultra\Debug\dbg_console.o (setvbuf)
c:/isystem/winidea9/gcc/arm/bin/../lib/gcc/arm-none-eabi/4.9.3/../../../../arm-none-eabi/lib/cortex-m7\libc.a(lib_a-vfiprintf.o)
                              c:/isystem/winidea9/gcc/arm/bin/../lib/gcc/arm-none-eabi/4.9.3/../../../../arm-none-eabi/lib/cortex-m7\libc.a(lib_a-fiprintf.o) (_vfiprintf_r)
c:/isystem/winidea9/gcc/arm/bin/../lib/gcc/arm-none-eabi/4.9.3/../../../../arm-none-eabi/lib/cortex-m7\libc.a(lib_a-vfprintf.o)
                              c:/isystem/winidea9/gcc/arm/bin/../lib/gcc/arm-none-eabi/4.9.3/../../../../arm-none-eabi/lib/cortex-m7\libc.a(lib_a-printf.o) (_vfprintf_r)
c:/isystem/winidea9/gcc/arm/bin/../lib/gcc/arm-none-eabi/4.9.3/../../../../arm-none-eabi/lib/cortex-m7\libc.a(lib_a-wsetup.o)
                              c:/isystem/winidea9/gcc/arm/bin/../lib/gcc/arm-none-eabi/4.9.3/../../../../arm-none-eabi/lib/cortex-m7\libc.a(lib_a-vfiprintf.o) (__swsetup_r)
c:/isystem/winidea9/gcc/arm/bin/../lib/gcc/arm-none-eabi/4.9.3/../../../../arm-none-eabi/lib/cortex-m7\libc.a(lib_a-abort.o)
                              c:/isystem/winidea9/gcc/arm/bin/../lib/gcc/arm-none-eabi/4.9.3/../../../../arm-none-eabi/lib/cortex-m7\libc.a(lib_a-assert.o) (abort)
c:/isystem/winidea9/gcc/arm/bin/../lib/gcc/arm-none-eabi/4.9.3/../../../../arm-none-eabi/lib/cortex-m7\libc.a(lib_a-dtoa.o)
                              c:/isystem/winidea9/gcc/arm/bin/../lib/gcc/arm-none-eabi/4.9.3/../../../../arm-none-eabi/lib/cortex-m7\libc.a(lib_a-vfprintf.o) (_dtoa_r)
c:/isystem/winidea9/gcc/arm/bin/../lib/gcc/arm-none-eabi/4.9.3/../../../../arm-none-eabi/lib/cortex-m7\libc.a(lib_a-fflush.o)
                              c:/isystem/winidea9/gcc/arm/bin/../lib/gcc/arm-none-eabi/4.9.3/../../../../arm-none-eabi/lib/cortex-m7\libc.a(lib_a-setvbuf.o) (_fflush_r)
c:/isystem/winidea9/gcc/arm/bin/../lib/gcc/arm-none-eabi/4.9.3/../../../../arm-none-eabi/lib/cortex-m7\libc.a(lib_a-findfp.o)
                              c:/isystem/winidea9/gcc/arm/bin/../lib/gcc/arm-none-eabi/4.9.3/../../../../arm-none-eabi/lib/cortex-m7\libc.a(lib_a-setvbuf.o) (_cleanup_r)
c:/isystem/winidea9/gcc/arm/bin/../lib/gcc/arm-none-eabi/4.9.3/../../../../arm-none-eabi/lib/cortex-m7\libc.a(lib_a-fputwc.o)
                              c:/isystem/winidea9/gcc/arm/bin/../lib/gcc/arm-none-eabi/4.9.3/../../../../arm-none-eabi/lib/cortex-m7\libc.a(lib_a-vfiprintf.o) (_fputwc_r)
c:/isystem/winidea9/gcc/arm/bin/../lib/gcc/arm-none-eabi/4.9.3/../../../../arm-none-eabi/lib/cortex-m7\libc.a(lib_a-freer.o)
                              c:/isystem/winidea9/gcc/arm/bin/../lib/gcc/arm-none-eabi/4.9.3/../../../../arm-none-eabi/lib/cortex-m7\libc.a(lib_a-setvbuf.o) (_free_r)
c:/isystem/winidea9/gcc/arm/bin/../lib/gcc/arm-none-eabi/4.9.3/../../../../arm-none-eabi/lib/cortex-m7\libc.a(lib_a-fvwrite.o)
                              c:/isystem/winidea9/gcc/arm/bin/../lib/gcc/arm-none-eabi/4.9.3/../../../../arm-none-eabi/lib/cortex-m7\libc.a(lib_a-vfiprintf.o) (__sfvwrite_r)
c:/isystem/winidea9/gcc/arm/bin/../lib/gcc/arm-none-eabi/4.9.3/../../../../arm-none-eabi/lib/cortex-m7\libc.a(lib_a-fwalk.o)
                              c:/isystem/winidea9/gcc/arm/bin/../lib/gcc/arm-none-eabi/4.9.3/../../../../arm-none-eabi/lib/cortex-m7\libc.a(lib_a-findfp.o) (_fwalk)
c:/isystem/winidea9/gcc/arm/bin/../lib/gcc/arm-none-eabi/4.9.3/../../../../arm-none-eabi/lib/cortex-m7\libc.a(lib_a-locale.o)
[...]
Memory Configuration

Name             Origin             Length             Attributes
rom              0x00400000         0x00200000         xr
ram              0x20400000         0x00060000         xrw
sdram            0x70000000         0x00200000         xrw
*default*        0x00000000         0xffffffff

Linker script and memory map

LOAD C:\SAMV71x\app\01_scheduler\SAMV71_Xplained_Ultra\Debug\main.o
LOAD C:\SAMV71x\app\01_scheduler\SAMV71_Xplained_Ultra\Debug\system_sam.o
LOAD C:\SAMV71x\app\01_scheduler\SAMV71_Xplained_Ultra\Debug\syscalls.o
LOAD C:\SAMV71x\app\01_scheduler\SAMV71_Xplained_Ultra\Debug\app_scheduler.o
LOAD C:\SAMV71x\app\01_scheduler\SAMV71_Xplained_Ultra\Debug\app_tasks.o
LOAD C:\SAMV71x\app\01_scheduler\SAMV71_Xplained_Ultra\Debug\startup_sam.o
LOAD C:\SAMV71x\app\01_scheduler\SAMV71_Xplained_Ultra\Debug\board_lowlevel.o
LOAD C:\SAMV71x\app\01_scheduler\SAMV71_Xplained_Ultra\Debug\dbg_console.o
LOAD C:\SAMV71x\app\01_scheduler\SAMV71_Xplained_Ultra\Debug\led.o
LOAD C:\SAMV71x\app\01_scheduler\SAMV71_Xplained_Ultra\Debug\pmc.o
LOAD C:\SAMV71x\app\01_scheduler\SAMV71_Xplained_Ultra\Debug\pio.o
LOAD C:\SAMV71x\app\01_scheduler\SAMV71_Xplained_Ultra\Debug\mpu.o
LOAD C:\SAMV71x\app\01_scheduler\SAMV71_Xplained_Ultra\Debug\exceptions.o
LOAD C:\SAMV71x\app\01_scheduler\SAMV71_Xplained_Ultra\Debug\systick.o
LOAD C:\SAMV71x\app\01_scheduler\SAMV71_Xplained_Ultra\Debug\led_ctrl.o
                0x00002000                STACK_SIZE = DEFINED (STACK_SIZE)?STACK_SIZE:0x2000
                0x00001000                HEAP_SIZE = DEFINED (HEAP_SIZE)?HEAP_SIZE:0x1000

.text           0x00400000     0x8c08
                0x00400000                . = ALIGN (0x4)
                0x00400000                _sfixed = .
 *(.vectors .vectors.*)
 .vectors       0x00400000      0x140 C:\SAMV71x\app\01_scheduler\SAMV71_Xplained_Ultra\Debug\startup_sam.o
                0x00400000                exception_table
 *(.text .text.* .gnu.linkonce.t.*)
 .text          0x00400140       0x50 C:\SAMV71x\app\01_scheduler\SAMV71_Xplained_Ultra\Debug\main.o
                0x00400174                main
 .text          0x00400190      0x378 C:\SAMV71x\app\01_scheduler\SAMV71_Xplained_Ultra\Debug\system_sam.o
                0x00400190                SystemInit
                0x0040029c                SystemCoreClockUpdate
                0x00400404                system_init_flash
                0x00400498                sysclk_enable_usb
                0x004004d4                sysclk_disable_usb
 .text          0x00400508      0x164 C:\SAMV71x\app\01_scheduler\SAMV71_Xplained_Ultra\Debug\syscalls.o
                0x00400508                _sbrk
                0x00400548                link
                0x00400564                _close
                0x0040057c                _fstat
                0x0040059c                _isatty
                0x004005b4                _lseek
                0x004005d0                _read
                0x004005ec                _write
                0x00400628                _exit
                0x00400640                _kill
                0x00400658                _getpid
 .text          0x0040066c      0x2c8 C:\SAMV71x\app\01_scheduler\SAMV71_Xplained_Ultra\Debug\app_scheduler.o
                0x0040066c                vfnScheduler_Init
                0x004006c8                vfnScheduler_Start
                0x004006f0                vfnScheduler_Stop
                0x00400708                vfnScheduler_TaskStart
                0x00400734                vfnScheduler_TaskActivate
                0x00400758                vfnTask_Scheduler
                0x00400858                vfnScheduler_Callback
 .text          0x00400934       0x48 C:\SAMV71x\app\01_scheduler\SAMV71_Xplained_Ultra\Debug\app_tasks.o
                0x00400934                TASKS_LIST_1MS
                0x00400940                TASKS_LIST_2MS_A
                0x0040094c                TASKS_LIST_2MS_B
                0x00400958                TASKS_LIST_10MS
                0x00400964                TASKS_LIST_50MS
                0x00400970                TASKS_LIST_100MS
 .text          0x0040097c       0xe0 C:\SAMV71x\app\01_scheduler\SAMV71_Xplained_Ultra\Debug\startup_sam.o
                0x004009bc                Reset_Handler
                0x00400a54                DebugMon_Handler
                0x00400a54                UART3_Handler
                0x00400a54                UART2_Handler
                0x00400a54                TRNG_Handler
                0x00400a54                TC2_Handler
                0x00400a54                AFEC1_Handler
                0x00400a54                PendSV_Handler
                0x00400a54                TC7_Handler
                0x00400a54                QSPI_Handler
                0x00400a54                ISI_Handler
                0x00400a54                TC9_Handler
                0x00400a54                RSWDT_Handler
                0x00400a54                MCAN1_Handler
                0x00400a54                USART0_Handler
                0x00400a54                RTT_Handler
                0x00400a54                USBHS_Handler
                0x00400a54                CCF_Handler
                0x00400a54                PIOB_Handler
                0x00400a54                RTC_Handler
                0x00400a54                TC6_Handler
                0x00400a54                WDT_Handler
                0x00400a54                TC4_Handler
                0x00400a54                TC1_Handler
                0x00400a54                HSMCI_Handler
                0x00400a54                UART1_Handler
                0x00400a54                DACC_Handler
                0x00400a54                TC3_Handler
                0x00400a54                Dummy_Handler
                0x00400a54                TWIHS1_Handler
                0x00400a54                XDMAC_Handler
                0x00400a54                UART4_Handler
                0x00400a54                PWM1_Handler
                0x00400a54                USART1_Handler
                0x00400a54                PWM0_Handler
                0x00400a54                PIOA_Handler
                0x00400a54                AFEC0_Handler
                0x00400a54                CCW_Handler
                0x00400a54                TC11_Handler
                0x00400a54                SSC_Handler
                0x00400a54                ACC_Handler
                0x00400a54                PMC_Handler
                0x00400a54                GMAC_Handler
                0x00400a54                SUPC_Handler
                0x00400a54                SVC_Handler
                0x00400a54                TC8_Handler
                0x00400a54                GMACQ2_Handler
                0x00400a54                EFC_Handler
                0x00400a54                USART2_Handler
                0x00400a54                SDRAMC_Handler
                0x00400a54                PIOE_Handler
                0x00400a54                SPI1_Handler
                0x00400a54                MCAN0_Handler
                0x00400a54                TC10_Handler
                0x00400a54                PIOD_Handler
                0x00400a54                TWIHS2_Handler
                0x00400a54                MLB_Handler
                0x00400a54                UART0_Handler
                0x00400a54                GMACQ1_Handler
                0x00400a54                PIOC_Handler
                0x00400a54                MCAN1_Line1_Handler
                0x00400a54                FPU_Handler
                0x00400a54                RSTC_Handler
                0x00400a54                TC0_Handler
                0x00400a54                MCAN0_Line1_Handler
                0x00400a54                TC5_Handler
                0x00400a54                AES_Handler
                0x00400a54                ICM_Handler
                0x00400a54                TWIHS0_Handler
                0x00400a54                SPI0_Handler
 .text          0x00400a5c      0x19c C:\SAMV71x\app\01_scheduler\SAMV71_Xplained_Ultra\Debug\board_lowlevel.o
                0x00400a5c                _SetupMemoryRegion
                0x00400be8                LowLevelInit
 .text          0x00400bf8      0x56c C:\SAMV71x\app\01_scheduler\SAMV71_Xplained_Ultra\Debug\dbg_console.o
                0x00400bf8                DBG_Configure
                0x00400ca8                DBG_PutChar
                0x00400cfc                DBG_GetChar
                0x00400d40                DBG_IsRxReady
                0x00400d78                DBG_DumpFrame
                0x00400dbc                DBG_DumpMemory
                0x00400f20                DBG_GetInteger
                0x00400ff0                DBG_GetIntegerMinMax
                0x00401050                DBG_GetHexa32
                0x004010f8                puts
                0x00401124                gets
 .text          0x00401164      0x168 C:\SAMV71x\app\01_scheduler\SAMV71_Xplained_Ultra\Debug\led.o
                0x00401164                LED_Configure
                0x0040119c                LED_Set
                0x00401200                LED_Clear
                0x00401264                LED_Toggle
 .text          0x004012cc      0x76c C:\SAMV71x\app\01_scheduler\SAMV71_Xplained_Ultra\Debug\pmc.o
                0x004013a0                PMC_EnablePeripheral
                0x00401430                PMC_DisablePeripheral
                0x004014c0                PMC_EnableAllPeripherals
                0x00401500                PMC_DisableAllPeripherals
                0x0040153c                PMC_IsPeriphEnabled
                0x00401598                PMC_EnableExtOsc
                0x00401614                PMC_DisableExtOsc
                0x00401650                PMC_SelectExtOsc
                0x004016bc                PMC_SelectExtBypassOsc
                0x00401728                PMC_EnableIntRC4_8_12MHz
                0x004017b4                PMC_DisableIntRC4_8_12MHz
                0x004017f8                PMC_SetPllaClock
                0x00401850                PMC_SetMckSelection
                0x00401894                PMC_DisableAllClocks
                0x004018e4                PMC_ConfigureMckWithPlla
                0x0040191c                PMC_EnableXT32KFME
                0x00401948                PMC_ConfigurePCK0
                0x00401998                PMC_ConfigurePCK1
                0x004019e8                PMC_ConfigurePCK2
 .text          0x00401a38      0x540 C:\SAMV71x\app\01_scheduler\SAMV71_Xplained_Ultra\Debug\pio.o
                0x00401ca8                PIO_Configure
                0x00401e0c                PIO_Set
                0x00401e28                PIO_Clear
                0x00401e44                PIO_Get
                0x00401e8c                PIO_GetOutputDataStatus
                0x00401eb8                PIO_SetDebounceFilter
                0x00401ef4                PIO_EnableWriteProtect
                0x00401f18                PIO_DisableWriteProtect
                0x00401f3c                PIO_GetWriteProtectViolationInfo
                0x00401f5c                PIO_SetPinType
 .text          0x00401f78       0xf0 C:\SAMV71x\app\01_scheduler\SAMV71_Xplained_Ultra\Debug\mpu.o
                0x00401f78                MPU_Enable
                0x00401f94                MPU_SetRegionNum
                0x00401fb0                MPU_DisableRegion
                0x00401fcc                MPU_SetRegion
                0x00401ff0                MPU_CalMPURegionSize
                0x00402030                MPU_UpdateRegions
 .text          0x00402068       0xe8 C:\SAMV71x\app\01_scheduler\SAMV71_Xplained_Ultra\Debug\exceptions.o
                0x00402068                NMI_Handler
                0x004020f0                HardFault_Handler
                0x00402104                MemManage_Handler
                0x0040211c                BusFault_Handler
                0x00402138                UsageFault_Handler
 .text          0x00402150       0xe8 C:\SAMV71x\app\01_scheduler\SAMV71_Xplained_Ultra\Debug\systick.o
                0x004021e8                sysTick_init
                0x00402220                SysTick_Handler
 .text          0x00402238       0x8c C:\SAMV71x\app\01_scheduler\SAMV71_Xplained_Ultra\Debug\led_ctrl.o
                0x00402238                vfnLedCtrl_Configure
                0x0040224c                vfnLedCtrl_BlinkingPattern
 .text.__assert_func
                0x004022c4       0x3c c:/isystem/winidea9/gcc/arm/bin/../lib/gcc/arm-none-eabi/4.9.3/../../../../arm-none-eabi/lib/cortex-m7\libc.a(lib_a-assert.o)
                0x004022c4                __assert_func
 .text.fiprintf
                0x00402300       0x28 c:/isystem/winidea9/gcc/arm/bin/../lib/gcc/arm-none-eabi/4.9.3/../../../../arm-none-eabi/lib/cortex-m7\libc.a(lib_a-fiprintf.o)
                0x00402300                fiprintf
 .text.printf   0x00402328       0x28 c:/isystem/winidea9/gcc/arm/bin/../lib/gcc/arm-none-eabi/4.9.3/../../../../arm-none-eabi/lib/cortex-m7\libc.a(lib_a-printf.o)
                0x00402328                printf
 .text.putchar  0x00402350       0x10 c:/isystem/winidea9/gcc/arm/bin/../lib/gcc/arm-none-eabi/4.9.3/../../../../arm-none-eabi/lib/cortex-m7\libc.a(lib_a-putchar.o)
                0x00402350                putchar
 .text.setvbuf  0x00402360       0xfc c:/isystem/winidea9/gcc/arm/bin/../lib/gcc/arm-none-eabi/4.9.3/../../../../arm-none-eabi/lib/cortex-m7\libc.a(lib_a-setvbuf.o)
                0x00402360                setvbuf
 .text.__sprint_r.part.0
                0x0040245c       0x78 c:/isystem/winidea9/gcc/arm/bin/../lib/gcc/arm-none-eabi/4.9.3/../../../../arm-none-eabi/lib/cortex-m7\libc.a(lib_a-vfiprintf.o)
 .text.__sprint_r
                0x004024d4       0x18 c:/isystem/winidea9/gcc/arm/bin/../lib/gcc/arm-none-eabi/4.9.3/../../../../arm-none-eabi/lib/cortex-m7\libc.a(lib_a-vfiprintf.o)
                0x004024d4                __sprint_r
 .text._vfiprintf_r
                0x004024ec      0xbf4 c:/isystem/winidea9/gcc/arm/bin/../lib/gcc/arm-none-eabi/4.9.3/../../../../arm-none-eabi/lib/cortex-m7\libc.a(lib_a-vfiprintf.o)
                0x004024ec                _vfiprintf_r
 .text.__sbprintf
                0x004030e0       0x80 c:/isystem/winidea9/gcc/arm/bin/../lib/gcc/arm-none-eabi/4.9.3/../../../../arm-none-eabi/lib/cortex-m7\libc.a(lib_a-vfiprintf.o)
 .text._vfprintf_r
                0x00403160     0x1554 c:/isystem/winidea9/gcc/arm/bin/../lib/gcc/arm-none-eabi/4.9.3/../../../../arm-none-eabi/lib/cortex-m7\libc.a(lib_a-vfprintf.o)
                0x00403160                _vfprintf_r
 .text.__sbprintf
                0x004046b4       0x80 c:/isystem/winidea9/gcc/arm/bin/../lib/gcc/arm-none-eabi/4.9.3/../../../../arm-none-eabi/lib/cortex-m7\libc.a(lib_a-vfprintf.o)
 .text.__swsetup_r
                0x00404734       0xc4 c:/isystem/winidea9/gcc/arm/bin/../lib/gcc/arm-none-eabi/4.9.3/../../../../arm-none-eabi/lib/cortex-m7\libc.a(lib_a-wsetup.o)
                0x00404734                __swsetup_r
 .text.abort    0x004047f8       0x10 c:/isystem/winidea9/gcc/arm/bin/../lib/gcc/arm-none-eabi/4.9.3/../../../../arm-none-eabi/lib/cortex-m7\libc.a(lib_a-abort.o)
                0x004047f8                abort
 .text.quorem   0x00404808      0x140 c:/isystem/winidea9/gcc/arm/bin/../lib/gcc/arm-none-eabi/4.9.3/../../../../arm-none-eabi/lib/cortex-m7\libc.a(lib_a-dtoa.o)
 .text._dtoa_r  0x00404948      0xee8 c:/isystem/winidea9/gcc/arm/bin/../lib/gcc/arm-none-eabi/4.9.3/../../../../arm-none-eabi/lib/cortex-m7\libc.a(lib_a-dtoa.o)
                0x00404948                _dtoa_r
 .text.__sflush_r
                0x00405830      0x148 c:/isystem/winidea9/gcc/arm/bin/../lib/gcc/arm-none-eabi/4.9.3/../../../../arm-none-eabi/lib/cortex-m7\libc.a(lib_a-fflush.o)
                0x00405830                __sflush_r
 .text._fflush_r
                0x00405978       0x2c c:/isystem/winidea9/gcc/arm/bin/../lib/gcc/arm-none-eabi/4.9.3/../../../../arm-none-eabi/lib/cortex-m7\libc.a(lib_a-fflush.o)
                0x00405978                _fflush_r
 .text._cleanup_r
                0x004059a4        0xc c:/isystem/winidea9/gcc/arm/bin/../lib/gcc/arm-none-eabi/4.9.3/../../../../arm-none-eabi/lib/cortex-m7\libc.a(lib_a-findfp.o)
                0x004059a4                _cleanup_r
 .text.__sinit.part.1
                0x004059b0       0xfc c:/isystem/winidea9/gcc/arm/bin/../lib/gcc/arm-none-eabi/4.9.3/../../../../arm-none-eabi/lib/cortex-m7\libc.a(lib_a-findfp.o)
 .text.__sinit  0x00405aac        0xc c:/isystem/winidea9/gcc/arm/bin/../lib/gcc/arm-none-eabi/4.9.3/../../../../arm-none-eabi/lib/cortex-m7\libc.a(lib_a-findfp.o)
                0x00405aac                __sinit
 .text.__sfp_lock_acquire
                0x00405ab8        0x4 c:/isystem/winidea9/gcc/arm/bin/../lib/gcc/arm-none-eabi/4.9.3/../../../../arm-none-eabi/lib/cortex-m7\libc.a(lib_a-findfp.o)
                0x00405ab8                __sfp_lock_acquire
 .text.__sfp_lock_release
                0x00405abc        0x4 c:/isystem/winidea9/gcc/arm/bin/../lib/gcc/arm-none-eabi/4.9.3/../../../../arm-none-eabi/lib/cortex-m7\libc.a(lib_a-findfp.o)
                0x00405abc                __sfp_lock_release
 .text.__fputwc
                0x00405ac0       0xb0 c:/isystem/winidea9/gcc/arm/bin/../lib/gcc/arm-none-eabi/4.9.3/../../../../arm-none-eabi/lib/cortex-m7\libc.a(lib_a-fputwc.o)
                0x00405ac0                __fputwc
 .text._fputwc_r
                0x00405b70       0x24 c:/isystem/winidea9/gcc/arm/bin/../lib/gcc/arm-none-eabi/4.9.3/../../../../arm-none-eabi/lib/cortex-m7\libc.a(lib_a-fputwc.o)
                0x00405b70                _fputwc_r
 .text._malloc_trim_r
                0x00405b94       0x9c c:/isystem/winidea9/gcc/arm/bin/../lib/gcc/arm-none-eabi/4.9.3/../../../../arm-none-eabi/lib/cortex-m7\libc.a(lib_a-freer.o)
                0x00405b94                _malloc_trim_r
 .text._free_r  0x00405c30      0x1b0 c:/isystem/winidea9/gcc/arm/bin/../lib/gcc/arm-none-eabi/4.9.3/../../../../arm-none-eabi/lib/cortex-m7\libc.a(lib_a-freer.o)
                0x00405c30                _free_r
 .text.__sfvwrite_r
                0x00405de0      0x324 c:/isystem/winidea9/gcc/arm/bin/../lib/gcc/arm-none-eabi/4.9.3/../../../../arm-none-eabi/lib/cortex-m7\libc.a(lib_a-fvwrite.o)
                0x00405de0                __sfvwrite_r
 .text._fwalk_reent
                0x00406104       0x50 c:/isystem/winidea9/gcc/arm/bin/../lib/gcc/arm-none-eabi/4.9.3/../../../../arm-none-eabi/lib/cortex-m7\libc.a(lib_a-fwalk.o)
                0x00406104                _fwalk_reent
 .text.__locale_charset
                0x00406154        0x8 c:/isystem/winidea9/gcc/arm/bin/../lib/gcc/arm-none-eabi/4.9.3/../../../../arm-none-eabi/lib/cortex-m7\libc.a(lib_a-locale.o)
                0x00406154                __locale_charset
 .text.__locale_mb_cur_max
                0x0040615c        0xc c:/isystem/winidea9/gcc/arm/bin/../lib/gcc/arm-none-eabi/4.9.3/../../../../arm-none-eabi/lib/cortex-m7\libc.a(lib_a-locale.o)
                0x0040615c                __locale_mb_cur_max
 .text._localeconv_r
                0x00406168        0x8 c:/isystem/winidea9/gcc/arm/bin/../lib/gcc/arm-none-eabi/4.9.3/../../../../arm-none-eabi/lib/cortex-m7\libc.a(lib_a-locale.o)
                0x00406168                _localeconv_r
 .text.__smakebuf_r
                0x00406170       0xe4 c:/isystem/winidea9/gcc/arm/bin/../lib/gcc/arm-none-eabi/4.9.3/../../../../arm-none-eabi/lib/cortex-m7\libc.a(lib_a-makebuf.o)
                0x00406170                __smakebuf_r
 .text.malloc   0x00406254       0x10 c:/isystem/winidea9/gcc/arm/bin/../lib/gcc/arm-none-eabi/4.9.3/../../../../arm-none-eabi/lib/cortex-m7\libc.a(lib_a-malloc.o)
                0x00406254                malloc
 .text._malloc_r
                0x00406264      0x558 c:/isystem/winidea9/gcc/arm/bin/../lib/gcc/arm-none-eabi/4.9.3/../../../../arm-none-eabi/lib/cortex-m7\libc.a(lib_a-mallocr.o)
                0x00406264                _malloc_r
 .text.memchr   0x004067bc       0x90 c:/isystem/winidea9/gcc/arm/bin/../lib/gcc/arm-none-eabi/4.9.3/../../../../arm-none-eabi/lib/cortex-m7\libc.a(lib_a-memchr.o)
                0x004067bc                memchr
 .text          0x0040684c      0x134 c:/isystem/winidea9/gcc/arm/bin/../lib/gcc/arm-none-eabi/4.9.3/../../../../arm-none-eabi/lib/cortex-m7\libc.a(lib_a-memcpy.o)
                0x0040684c                memcpy
 .text.memmove  0x00406980       0xc4 c:/isystem/winidea9/gcc/arm/bin/../lib/gcc/arm-none-eabi/4.9.3/../../../../arm-none-eabi/lib/cortex-m7\libc.a(lib_a-memmove.o)
                0x00406980                memmove
 .text.memset   0x00406a44       0xa0 c:/isystem/winidea9/gcc/arm/bin/../lib/gcc/arm-none-eabi/4.9.3/../../../../arm-none-eabi/lib/cortex-m7\libc.a(lib_a-memset.o)
                0x00406a44                memset
 .text.__malloc_lock
                0x00406ae4        0x4 c:/isystem/winidea9/gcc/arm/bin/../lib/gcc/arm-none-eabi/4.9.3/../../../../arm-none-eabi/lib/cortex-m7\libc.a(lib_a-mlock.o)
                0x00406ae4                __malloc_lock
 .text.__malloc_unlock
                0x00406ae8        0x4 c:/isystem/winidea9/gcc/arm/bin/../lib/gcc/arm-none-eabi/4.9.3/../../../../arm-none-eabi/lib/cortex-m7\libc.a(lib_a-mlock.o)
                0x00406ae8                __malloc_unlock
 .text._Balloc  0x00406aec       0x50 c:/isystem/winidea9/gcc/arm/bin/../lib/gcc/arm-none-eabi/4.9.3/../../../../arm-none-eabi/lib/cortex-m7\libc.a(lib_a-mprec.o)
                0x00406aec                _Balloc
 .text._Bfree   0x00406b3c       0x14 c:/isystem/winidea9/gcc/arm/bin/../lib/gcc/arm-none-eabi/4.9.3/../../../../arm-none-eabi/lib/cortex-m7\libc.a(lib_a-mprec.o)
                0x00406b3c                _Bfree
 .text.__multadd
                0x00406b50       0x84 c:/isystem/winidea9/gcc/arm/bin/../lib/gcc/arm-none-eabi/4.9.3/../../../../arm-none-eabi/lib/cortex-m7\libc.a(lib_a-mprec.o)
                0x00406b50                __multadd
 .text.__hi0bits
                0x00406bd4       0x44 c:/isystem/winidea9/gcc/arm/bin/../lib/gcc/arm-none-eabi/4.9.3/../../../../arm-none-eabi/lib/cortex-m7\libc.a(lib_a-mprec.o)
                0x00406bd4                __hi0bits
 .text.__lo0bits
                0x00406c18       0x64 c:/isystem/winidea9/gcc/arm/bin/../lib/gcc/arm-none-eabi/4.9.3/../../../../arm-none-eabi/lib/cortex-m7\libc.a(lib_a-mprec.o)
                0x00406c18                __lo0bits
 .text.__i2b    0x00406c7c       0x14 c:/isystem/winidea9/gcc/arm/bin/../lib/gcc/arm-none-eabi/4.9.3/../../../../arm-none-eabi/lib/cortex-m7\libc.a(lib_a-mprec.o)
                0x00406c7c                __i2b
 .text.__multiply
                0x00406c90      0x144 c:/isystem/winidea9/gcc/arm/bin/../lib/gcc/arm-none-eabi/4.9.3/../../../../arm-none-eabi/lib/cortex-m7\libc.a(lib_a-mprec.o)
                0x00406c90                __multiply
 .text.__pow5mult
                0x00406dd4       0xa0 c:/isystem/winidea9/gcc/arm/bin/../lib/gcc/arm-none-eabi/4.9.3/../../../../arm-none-eabi/lib/cortex-m7\libc.a(lib_a-mprec.o)
                0x00406dd4                __pow5mult
 .text.__lshift
                0x00406e74       0xb4 c:/isystem/winidea9/gcc/arm/bin/../lib/gcc/arm-none-eabi/4.9.3/../../../../arm-none-eabi/lib/cortex-m7\libc.a(lib_a-mprec.o)
                0x00406e74                __lshift
 .text.__mcmp   0x00406f28       0x48 c:/isystem/winidea9/gcc/arm/bin/../lib/gcc/arm-none-eabi/4.9.3/../../../../arm-none-eabi/lib/cortex-m7\libc.a(lib_a-mprec.o)
                0x00406f28                __mcmp
 .text.__mdiff  0x00406f70       0xe4 c:/isystem/winidea9/gcc/arm/bin/../lib/gcc/arm-none-eabi/4.9.3/../../../../arm-none-eabi/lib/cortex-m7\libc.a(lib_a-mprec.o)
                0x00406f70                __mdiff
 .text.__d2b    0x00407054       0xb0 c:/isystem/winidea9/gcc/arm/bin/../lib/gcc/arm-none-eabi/4.9.3/../../../../arm-none-eabi/lib/cortex-m7\libc.a(lib_a-mprec.o)
                0x00407054                __d2b
 .text._putc_r  0x00407104       0x58 c:/isystem/winidea9/gcc/arm/bin/../lib/gcc/arm-none-eabi/4.9.3/../../../../arm-none-eabi/lib/cortex-m7\libc.a(lib_a-putc.o)
                0x00407104                _putc_r
 .text._realloc_r
                0x0040715c      0x3f0 c:/isystem/winidea9/gcc/arm/bin/../lib/gcc/arm-none-eabi/4.9.3/../../../../arm-none-eabi/lib/cortex-m7\libc.a(lib_a-reallocr.o)
                0x0040715c                _realloc_r
 .text.__fpclassifyd
                0x0040754c       0x44 c:/isystem/winidea9/gcc/arm/bin/../lib/gcc/arm-none-eabi/4.9.3/../../../../arm-none-eabi/lib/cortex-m7\libc.a(lib_a-s_fpclassify.o)
                0x0040754c                __fpclassifyd
 .text._sbrk_r  0x00407590       0x24 c:/isystem/winidea9/gcc/arm/bin/../lib/gcc/arm-none-eabi/4.9.3/../../../../arm-none-eabi/lib/cortex-m7\libc.a(lib_a-sbrkr.o)
                0x00407590                _sbrk_r
 .text._raise_r
                0x004075b4       0x58 c:/isystem/winidea9/gcc/arm/bin/../lib/gcc/arm-none-eabi/4.9.3/../../../../arm-none-eabi/lib/cortex-m7\libc.a(lib_a-signal.o)
                0x004075b4                _raise_r
 .text.raise    0x0040760c       0x10 c:/isystem/winidea9/gcc/arm/bin/../lib/gcc/arm-none-eabi/4.9.3/../../../../arm-none-eabi/lib/cortex-m7\libc.a(lib_a-signal.o)
                0x0040760c                raise
 .text._kill_r  0x0040761c       0x28 c:/isystem/winidea9/gcc/arm/bin/../lib/gcc/arm-none-eabi/4.9.3/../../../../arm-none-eabi/lib/cortex-m7\libc.a(lib_a-signalr.o)
                0x0040761c                _kill_r
 .text._getpid_r
                0x00407644        0x4 c:/isystem/winidea9/gcc/arm/bin/../lib/gcc/arm-none-eabi/4.9.3/../../../../arm-none-eabi/lib/cortex-m7\libc.a(lib_a-signalr.o)
                0x00407644                _getpid_r
 .text.__sread  0x00407648       0x24 c:/isystem/winidea9/gcc/arm/bin/../lib/gcc/arm-none-eabi/4.9.3/../../../../arm-none-eabi/lib/cortex-m7\libc.a(lib_a-stdio.o)
                0x00407648                __sread
 .text.__swrite
                0x0040766c       0x38 c:/isystem/winidea9/gcc/arm/bin/../lib/gcc/arm-none-eabi/4.9.3/../../../../arm-none-eabi/lib/cortex-m7\libc.a(lib_a-stdio.o)
                0x0040766c                __swrite
 .text.__sseek  0x004076a4       0x24 c:/isystem/winidea9/gcc/arm/bin/../lib/gcc/arm-none-eabi/4.9.3/../../../../arm-none-eabi/lib/cortex-m7\libc.a(lib_a-stdio.o)
                0x004076a4                __sseek
 .text.__sclose
                0x004076c8        0x8 c:/isystem/winidea9/gcc/arm/bin/../lib/gcc/arm-none-eabi/4.9.3/../../../../arm-none-eabi/lib/cortex-m7\libc.a(lib_a-stdio.o)
                0x004076c8                __sclose
 .text.strlen   0x004076d0       0x5c c:/isystem/winidea9/gcc/arm/bin/../lib/gcc/arm-none-eabi/4.9.3/../../../../arm-none-eabi/lib/cortex-m7\libc.a(lib_a-strlen.o)
                0x004076d0                strlen
 .text.__swbuf_r
                0x0040772c       0xa8 c:/isystem/winidea9/gcc/arm/bin/../lib/gcc/arm-none-eabi/4.9.3/../../../../arm-none-eabi/lib/cortex-m7\libc.a(lib_a-wbuf.o)
                0x0040772c                __swbuf_r
 .text._wcrtomb_r
                0x004077d4       0x54 c:/isystem/winidea9/gcc/arm/bin/../lib/gcc/arm-none-eabi/4.9.3/../../../../arm-none-eabi/lib/cortex-m7\libc.a(lib_a-wcrtomb.o)
                0x004077d4                _wcrtomb_r
 .text.__ascii_wctomb
                0x00407828       0x18 c:/isystem/winidea9/gcc/arm/bin/../lib/gcc/arm-none-eabi/4.9.3/../../../../arm-none-eabi/lib/cortex-m7\libc.a(lib_a-wctomb_r.o)
                0x00407828                __ascii_wctomb
 .text._write_r
                0x00407840       0x28 c:/isystem/winidea9/gcc/arm/bin/../lib/gcc/arm-none-eabi/4.9.3/../../../../arm-none-eabi/lib/cortex-m7\libc.a(lib_a-writer.o)
                0x00407840                _write_r
 .text._calloc_r
                0x00407868       0x60 c:/isystem/winidea9/gcc/arm/bin/../lib/gcc/arm-none-eabi/4.9.3/../../../../arm-none-eabi/lib/cortex-m7\libc.a(lib_a-callocr.o)
                0x00407868                _calloc_r
 .text._close_r
                0x004078c8       0x24 c:/isystem/winidea9/gcc/arm/bin/../lib/gcc/arm-none-eabi/4.9.3/../../../../arm-none-eabi/lib/cortex-m7\libc.a(lib_a-closer.o)
                0x004078c8                _close_r
 .text._fclose_r
                0x004078ec       0x84 c:/isystem/winidea9/gcc/arm/bin/../lib/gcc/arm-none-eabi/4.9.3/../../../../arm-none-eabi/lib/cortex-m7\libc.a(lib_a-fclose.o)
                0x004078ec                _fclose_r
 .text._fstat_r
                0x00407970       0x28 c:/isystem/winidea9/gcc/arm/bin/../lib/gcc/arm-none-eabi/4.9.3/../../../../arm-none-eabi/lib/cortex-m7\libc.a(lib_a-fstatr.o)
                0x00407970                _fstat_r
 .text._isatty_r
                0x00407998       0x24 c:/isystem/winidea9/gcc/arm/bin/../lib/gcc/arm-none-eabi/4.9.3/../../../../arm-none-eabi/lib/cortex-m7\libc.a(lib_a-isattyr.o)
                0x00407998                _isatty_r
 .text._lseek_r
                0x004079bc       0x28 c:/isystem/winidea9/gcc/arm/bin/../lib/gcc/arm-none-eabi/4.9.3/../../../../arm-none-eabi/lib/cortex-m7\libc.a(lib_a-lseekr.o)
                0x004079bc                _lseek_r
 .text._read_r  0x004079e4       0x28 c:/isystem/winidea9/gcc/arm/bin/../lib/gcc/arm-none-eabi/4.9.3/../../../../arm-none-eabi/lib/cortex-m7\libc.a(lib_a-readr.o)
                0x004079e4                _read_r
 .text          0x00407a0c      0x370 c:/isystem/winidea9/gcc/arm/bin/../lib/gcc/arm-none-eabi/4.9.3/cortex-m7\libgcc.a(_arm_addsubdf3.o)
                0x00407a0c                __aeabi_drsub
                0x00407a14                __aeabi_dsub
                0x00407a14                __subdf3
                0x00407a18                __aeabi_dadd
                0x00407a18                __adddf3
                0x00407c90                __floatunsidf
                0x00407c90                __aeabi_ui2d
                0x00407cb0                __floatsidf
                0x00407cb0                __aeabi_i2d
                0x00407cd4                __aeabi_f2d
                0x00407cd4                __extendsfdf2
                0x00407d10                __floatundidf
                0x00407d10                __aeabi_ul2d
                0x00407d20                __floatdidf
                0x00407d20                __aeabi_l2d
 .text          0x00407d7c      0x424 c:/isystem/winidea9/gcc/arm/bin/../lib/gcc/arm-none-eabi/4.9.3/cortex-m7\libgcc.a(_arm_muldivdf3.o)
                0x00407d7c                __aeabi_dmul
                0x00407d7c                __muldf3
                0x00407fd0                __divdf3
                0x00407fd0                __aeabi_ddiv
 .text          0x004081a0      0x110 c:/isystem/winidea9/gcc/arm/bin/../lib/gcc/arm-none-eabi/4.9.3/cortex-m7\libgcc.a(_arm_cmpdf2.o)
                0x004081a0                __gtdf2
                0x004081a0                __gedf2
                0x004081a8                __ltdf2
                0x004081a8                __ledf2
                0x004081b0                __nedf2
                0x004081b0                __eqdf2
                0x004081b0                __cmpdf2
                0x0040822c                __aeabi_cdrcmple
                0x0040823c                __aeabi_cdcmpeq
                0x0040823c                __aeabi_cdcmple
                0x0040824c                __aeabi_dcmpeq
                0x00408260                __aeabi_dcmplt
                0x00408274                __aeabi_dcmple
                0x00408288                __aeabi_dcmpge
                0x0040829c                __aeabi_dcmpgt
 .text          0x004082b0       0x50 c:/isystem/winidea9/gcc/arm/bin/../lib/gcc/arm-none-eabi/4.9.3/cortex-m7\libgcc.a(_arm_fixdfsi.o)
                0x004082b0                __aeabi_d2iz
                0x004082b0                __fixdfsi
 .text          0x00408300       0x30 c:/isystem/winidea9/gcc/arm/bin/../lib/gcc/arm-none-eabi/4.9.3/cortex-m7\libgcc.a(_aeabi_uldivmod.o)
                0x00408300                __aeabi_uldivmod
 .text          0x00408330       0x60 c:/isystem/winidea9/gcc/arm/bin/../lib/gcc/arm-none-eabi/4.9.3/cortex-m7\libgcc.a(bpabi.o)
                0x00408330                __gnu_ldivmod_helper
                0x00408360                __gnu_uldivmod_helper
 .text          0x00408390        0x4 c:/isystem/winidea9/gcc/arm/bin/../lib/gcc/arm-none-eabi/4.9.3/cortex-m7\libgcc.a(_dvmd_tls.o)
                0x00408390                __aeabi_idiv0
                0x00408390                __aeabi_ldiv0
 .text          0x00408394      0x284 c:/isystem/winidea9/gcc/arm/bin/../lib/gcc/arm-none-eabi/4.9.3/cortex-m7\libgcc.a(_divdi3.o)
                0x00408394                __divdi3
 .text          0x00408618      0x248 c:/isystem/winidea9/gcc/arm/bin/../lib/gcc/arm-none-eabi/4.9.3/cortex-m7\libgcc.a(_udivdi3.o)
                0x00408618                __udivdi3
 *(.glue_7t)
 .glue_7t       0x00000000        0x0 linker stubs
 *(.glue_7)
 .glue_7        0x00000000        0x0 linker stubs
 *(.rodata .rodata* .gnu.linkonce.r.*)
 .rodata        0x00408860       0x19 C:\SAMV71x\app\01_scheduler\SAMV71_Xplained_Ultra\Debug\syscalls.o
 *fill*         0x00408879        0x3 
 .rodata        0x0040887c       0xf7 C:\SAMV71x\app\01_scheduler\SAMV71_Xplained_Ultra\Debug\dbg_console.o
 *fill*         0x00408973        0x1 
 .rodata        0x00408974       0x1c C:\SAMV71x\app\01_scheduler\SAMV71_Xplained_Ultra\Debug\led.o
 .rodata        0x00408990       0x94 C:\SAMV71x\app\01_scheduler\SAMV71_Xplained_Ultra\Debug\pmc.o
 .rodata.str1.4
                0x00408a24       0x3f c:/isystem/winidea9/gcc/arm/bin/../lib/gcc/arm-none-eabi/4.9.3/../../../../arm-none-eabi/lib/cortex-m7\libc.a(lib_a-assert.o)
                                 0x43 (size before relaxing)
 *fill*         0x00408a63        0x1 
 .rodata.str1.4
                0x00408a64        0x2 c:/isystem/winidea9/gcc/arm/bin/../lib/gcc/arm-none-eabi/4.9.3/../../../../arm-none-eabi/lib/cortex-m7\libc.a(lib_a-impure.o)
 *fill*         0x00408a66        0x2 
 .rodata.zeroes.6869
                0x00408a68       0x10 c:/isystem/winidea9/gcc/arm/bin/../lib/gcc/arm-none-eabi/4.9.3/../../../../arm-none-eabi/lib/cortex-m7\libc.a(lib_a-vfiprintf.o)
 .rodata.str1.4
                0x00408a78       0x2f c:/isystem/winidea9/gcc/arm/bin/../lib/gcc/arm-none-eabi/4.9.3/../../../../arm-none-eabi/lib/cortex-m7\libc.a(lib_a-vfiprintf.o)
 *fill*         0x00408aa7        0x1 
 .rodata.blanks.6868
                0x00408aa8       0x10 c:/isystem/winidea9/gcc/arm/bin/../lib/gcc/arm-none-eabi/4.9.3/../../../../arm-none-eabi/lib/cortex-m7\libc.a(lib_a-vfiprintf.o)
 .rodata.zeroes.6926
                0x00408ab8       0x10 c:/isystem/winidea9/gcc/arm/bin/../lib/gcc/arm-none-eabi/4.9.3/../../../../arm-none-eabi/lib/cortex-m7\libc.a(lib_a-vfprintf.o)
 .rodata.str1.4
                0x00408ac8       0x12 c:/isystem/winidea9/gcc/arm/bin/../lib/gcc/arm-none-eabi/4.9.3/../../../../arm-none-eabi/lib/cortex-m7\libc.a(lib_a-vfprintf.o)
                                 0x42 (size before relaxing)
 *fill*         0x00408ada        0x2 
 .rodata.blanks.6925
                0x00408adc       0x10 c:/isystem/winidea9/gcc/arm/bin/../lib/gcc/arm-none-eabi/4.9.3/../../../../arm-none-eabi/lib/cortex-m7\libc.a(lib_a-vfprintf.o)
 .rodata.str1.4
                0x00408aec       0x10 c:/isystem/winidea9/gcc/arm/bin/../lib/gcc/arm-none-eabi/4.9.3/../../../../arm-none-eabi/lib/cortex-m7\libc.a(lib_a-dtoa.o)
                                 0x12 (size before relaxing)
 .rodata.str1.4
                0x00408afc        0xc c:/isystem/winidea9/gcc/arm/bin/../lib/gcc/arm-none-eabi/4.9.3/../../../../arm-none-eabi/lib/cortex-m7\libc.a(lib_a-locale.o)
                                 0x12 (size before relaxing)
 .rodata.__mprec_tens
                0x00408b08       0xc8 c:/isystem/winidea9/gcc/arm/bin/../lib/gcc/arm-none-eabi/4.9.3/../../../../arm-none-eabi/lib/cortex-m7\libc.a(lib_a-mprec.o)
                0x00408b08                __mprec_tens
 .rodata.p05.5302
                0x00408bd0        0xc c:/isystem/winidea9/gcc/arm/bin/../lib/gcc/arm-none-eabi/4.9.3/../../../../arm-none-eabi/lib/cortex-m7\libc.a(lib_a-mprec.o)
 *fill*         0x00408bdc        0x4 
 .rodata.__mprec_bigtens
                0x00408be0       0x28 c:/isystem/winidea9/gcc/arm/bin/../lib/gcc/arm-none-eabi/4.9.3/../../../../arm-none-eabi/lib/cortex-m7\libc.a(lib_a-mprec.o)
                0x00408be0                __mprec_bigtens
 *(.ARM.extab* .gnu.linkonce.armextab.*)
                0x00408c08                . = ALIGN (0x4)
 *(.init)
                0x00408c08                . = ALIGN (0x4)
                0x00408c08                __preinit_array_start = .
 *(.preinit_array)
                0x00408c08                __preinit_array_end = .
                0x00408c08                . = ALIGN (0x4)
                0x00408c08                __init_array_start = .
 *(SORT(.init_array.*))
 *(.init_array)
                0x00408c08                __init_array_end = .
                0x00408c08                . = ALIGN (0x4)
 *crtbegin.o(.ctors)
 *(EXCLUDE_FILE(*crtend.o) .ctors)
 *(SORT(.ctors.*))
 *crtend.o(.ctors)
                0x00408c08                . = ALIGN (0x4)
 *(.fini)
                0x00408c08                . = ALIGN (0x4)
                0x00408c08                __fini_array_start = .
 *(.fini_array)
 *(SORT(.fini_array.*))
                0x00408c08                __fini_array_end = .
 *crtbegin.o(.dtors)
 *(EXCLUDE_FILE(*crtend.o) .dtors)
 *(SORT(.dtors.*))
 *crtend.o(.dtors)
                0x00408c08                . = ALIGN (0x4)
                0x00408c08                _efixed = .
                0x00408c08                PROVIDE (__exidx_start, .)

.vfp11_veneer   0x00408c08        0x0
 .vfp11_veneer  0x00000000        0x0 linker stubs

.v4_bx          0x00408c08        0x0
 .v4_bx         0x00000000        0x0 linker stubs

.iplt           0x00408c08        0x0
 .iplt          0x00000000        0x0 C:\SAMV71x\app\01_scheduler\SAMV71_Xplained_Ultra\Debug\main.o

.igot.plt       0x00408c08        0x0
 .igot.plt      0x00000000        0x0 C:\SAMV71x\app\01_scheduler\SAMV71_Xplained_Ultra\Debug\main.o

.ARM.exidx      0x00408c08        0x8
 *(.ARM.exidx* .gnu.linkonce.armexidx.*)
 .ARM.exidx     0x00408c08        0x8 c:/isystem/winidea9/gcc/arm/bin/../lib/gcc/arm-none-eabi/4.9.3/cortex-m7\libgcc.a(_divdi3.o)
 .ARM.exidx     0x00408c10        0x0 c:/isystem/winidea9/gcc/arm/bin/../lib/gcc/arm-none-eabi/4.9.3/cortex-m7\libgcc.a(_udivdi3.o)
                                  0x8 (size before relaxing)
                0x00408c10                PROVIDE (__exidx_end, .)

.rel.dyn        0x00408c10        0x0
 .rel.iplt      0x00000000        0x0 C:\SAMV71x\app\01_scheduler\SAMV71_Xplained_Ultra\Debug\main.o
                0x00408c10                . = ALIGN (0x4)
                0x00408c10                _etext = .

.relocate       0x20400000      0x8ec load address 0x00408c10
                0x20400000                . = ALIGN (0x4)
                0x20400000                _srelocate = .
 *(.ramfunc .ramfunc.*)
 *(.data .data.*)
 .data          0x20400000        0x4 C:\SAMV71x\app\01_scheduler\SAMV71_Xplained_Ultra\Debug\system_sam.o
                0x20400000                SystemCoreClock
 .data          0x20400004       0x48 C:\SAMV71x\app\01_scheduler\SAMV71_Xplained_Ultra\Debug\app_scheduler.o
                0x20400004                TimeTriggeredTasks
 *fill*         0x2040004c        0x4 
 .data.impure_data
                0x20400050      0x428 c:/isystem/winidea9/gcc/arm/bin/../lib/gcc/arm-none-eabi/4.9.3/../../../../arm-none-eabi/lib/cortex-m7\libc.a(lib_a-impure.o)
 .data._impure_ptr
                0x20400478        0x4 c:/isystem/winidea9/gcc/arm/bin/../lib/gcc/arm-none-eabi/4.9.3/../../../../arm-none-eabi/lib/cortex-m7\libc.a(lib_a-impure.o)
                0x20400478                _impure_ptr
 .data.lconv    0x2040047c       0x38 c:/isystem/winidea9/gcc/arm/bin/../lib/gcc/arm-none-eabi/4.9.3/../../../../arm-none-eabi/lib/cortex-m7\libc.a(lib_a-locale.o)
 .data.lc_ctype_charset
                0x204004b4       0x20 c:/isystem/winidea9/gcc/arm/bin/../lib/gcc/arm-none-eabi/4.9.3/../../../../arm-none-eabi/lib/cortex-m7\libc.a(lib_a-locale.o)
 .data.__mb_cur_max
                0x204004d4        0x4 c:/isystem/winidea9/gcc/arm/bin/../lib/gcc/arm-none-eabi/4.9.3/../../../../arm-none-eabi/lib/cortex-m7\libc.a(lib_a-locale.o)
                0x204004d4                __mb_cur_max
 .data.__malloc_av_
                0x204004d8      0x408 c:/isystem/winidea9/gcc/arm/bin/../lib/gcc/arm-none-eabi/4.9.3/../../../../arm-none-eabi/lib/cortex-m7\libc.a(lib_a-mallocr.o)
                0x204004d8                __malloc_av_
 .data.__malloc_trim_threshold
                0x204008e0        0x4 c:/isystem/winidea9/gcc/arm/bin/../lib/gcc/arm-none-eabi/4.9.3/../../../../arm-none-eabi/lib/cortex-m7\libc.a(lib_a-mallocr.o)
                0x204008e0                __malloc_trim_threshold
 .data.__malloc_sbrk_base
                0x204008e4        0x4 c:/isystem/winidea9/gcc/arm/bin/../lib/gcc/arm-none-eabi/4.9.3/../../../../arm-none-eabi/lib/cortex-m7\libc.a(lib_a-mallocr.o)
                0x204008e4                __malloc_sbrk_base
 .data.__wctomb
                0x204008e8        0x4 c:/isystem/winidea9/gcc/arm/bin/../lib/gcc/arm-none-eabi/4.9.3/../../../../arm-none-eabi/lib/cortex-m7\libc.a(lib_a-wctomb_r.o)
                0x204008e8                __wctomb
                0x204008ec                . = ALIGN (0x4)
                0x204008ec                _erelocate = .

.bss            0x204008ec       0x68 load address 0x004094fc
                0x204008ec                . = ALIGN (0x4)
                0x204008ec                _sbss = .
                0x204008ec                _szero = .
 *(.bss .bss.*)
 .bss           0x204008ec        0xc C:\SAMV71x\app\01_scheduler\SAMV71_Xplained_Ultra\Debug\syscalls.o
 .bss           0x204008f8        0x6 C:\SAMV71x\app\01_scheduler\SAMV71_Xplained_Ultra\Debug\dbg_console.o
 *fill*         0x204008fe        0x2 
 .bss           0x20400900        0xc C:\SAMV71x\app\01_scheduler\SAMV71_Xplained_Ultra\Debug\systick.o
                0x20400908                pfctnSysTick
 .bss           0x2040090c        0x6 C:\SAMV71x\app\01_scheduler\SAMV71_Xplained_Ultra\Debug\led_ctrl.o
 *fill*         0x20400912        0x2 
 .bss.__malloc_max_total_mem
                0x20400914        0x4 c:/isystem/winidea9/gcc/arm/bin/../lib/gcc/arm-none-eabi/4.9.3/../../../../arm-none-eabi/lib/cortex-m7\libc.a(lib_a-mallocr.o)
                0x20400914                __malloc_max_total_mem
 .bss.__malloc_max_sbrked_mem
                0x20400918        0x4 c:/isystem/winidea9/gcc/arm/bin/../lib/gcc/arm-none-eabi/4.9.3/../../../../arm-none-eabi/lib/cortex-m7\libc.a(lib_a-mallocr.o)
                0x20400918                __malloc_max_sbrked_mem
 .bss.__malloc_top_pad
                0x2040091c        0x4 c:/isystem/winidea9/gcc/arm/bin/../lib/gcc/arm-none-eabi/4.9.3/../../../../arm-none-eabi/lib/cortex-m7\libc.a(lib_a-mallocr.o)
                0x2040091c                __malloc_top_pad
 .bss.__malloc_current_mallinfo
                0x20400920       0x28 c:/isystem/winidea9/gcc/arm/bin/../lib/gcc/arm-none-eabi/4.9.3/../../../../arm-none-eabi/lib/cortex-m7\libc.a(lib_a-mallocr.o)
                0x20400920                __malloc_current_mallinfo
 *(COMMON)
 COMMON         0x20400948        0x8 C:\SAMV71x\app\01_scheduler\SAMV71_Xplained_Ultra\Debug\app_scheduler.o
                0x20400948                u8_50ms_Counter
                0x20400949                gu8Scheduler_Status
                0x2040094a                TaskScheduler_Task_ID_Running
                0x2040094b                u8_10ms_Counter
                0x2040094c                u8_100ms_Counter
                0x2040094d                gu8Scheduler_Counter
                0x2040094e                TaskScheduler_Task_ID_Activated
                0x2040094f                TasksScheduler_Task_ID_Backup
 COMMON         0x20400950        0x4 c:/isystem/winidea9/gcc/arm/bin/../lib/gcc/arm-none-eabi/4.9.3/../../../../arm-none-eabi/lib/cortex-m7\libc.a(lib_a-reent.o)
                0x20400950                errno
                0x20400954                . = ALIGN (0x4)
                0x20400954                _ebss = .
                0x20400954                _ezero = .

.stack          0x20400954     0x2004 load address 0x00409564
                0x20400958                . = ALIGN (0x8)
 *fill*         0x20400954        0x4 
                0x20400958                _sstack = .
                0x20402958                . = (. + STACK_SIZE)
 *fill*         0x20400958     0x2000 
                0x20402958                . = ALIGN (0x8)
                0x20402958                _estack = .

.heap           0x20402958     0x1000 load address 0x0040b568
                0x20402958                . = ALIGN (0x8)
                0x20402958                _sheap = .
                0x20403958                . = (. + HEAP_SIZE)
 *fill*         0x20402958     0x1000 
                0x20403958                . = ALIGN (0x8)
                0x20403958                _eheap = .
                0x20403958                . = ALIGN (0x4)
                0x20403958                _end = .
                0x2045ffff                _ram_end_ = ((ORIGIN (ram) + 0x60000) - 0x1)
                0x20403958                _sdram_lma = .

sdram_region
 *(sdram_region)
LOAD c:/isystem/winidea9/gcc/arm/bin/../lib/gcc/arm-none-eabi/4.9.3/../../../../arm-none-eabi/lib/cortex-m7\libc.a
LOAD c:/isystem/winidea9/gcc/arm/bin/../lib/gcc/arm-none-eabi/4.9.3/cortex-m7\libgcc.a
LOAD c:/isystem/winidea9/gcc/arm/bin/../lib/gcc/arm-none-eabi/4.9.3/../../../../arm-none-eabi/lib/cortex-m7\libm.a
OUTPUT(tau.elf elf32-littlearm)

.debug_info     0x00000000     0x61c0
 .debug_info    0x00000000      0x4e5 C:\SAMV71x\app\01_scheduler\SAMV71_Xplained_Ultra\Debug\main.o
 .debug_info    0x000004e5      0x515 C:\SAMV71x\app\01_scheduler\SAMV71_Xplained_Ultra\Debug\system_sam.o
 .debug_info    0x000009fa      0x4cc C:\SAMV71x\app\01_scheduler\SAMV71_Xplained_Ultra\Debug\syscalls.o
 .debug_info    0x00000ec6      0x309 C:\SAMV71x\app\01_scheduler\SAMV71_Xplained_Ultra\Debug\app_scheduler.o
 .debug_info    0x000011cf      0x152 C:\SAMV71x\app\01_scheduler\SAMV71_Xplained_Ultra\Debug\app_tasks.o
 .debug_info    0x00001321      0x9c8 C:\SAMV71x\app\01_scheduler\SAMV71_Xplained_Ultra\Debug\startup_sam.o
 .debug_info    0x00001ce9      0x4f5 C:\SAMV71x\app\01_scheduler\SAMV71_Xplained_Ultra\Debug\board_lowlevel.o
 .debug_info    0x000021de     0x14dc C:\SAMV71x\app\01_scheduler\SAMV71_Xplained_Ultra\Debug\dbg_console.o
 .debug_info    0x000036ba      0x6f3 C:\SAMV71x\app\01_scheduler\SAMV71_Xplained_Ultra\Debug\led.o
 .debug_info    0x00003dad      0x78b C:\SAMV71x\app\01_scheduler\SAMV71_Xplained_Ultra\Debug\pmc.o
 .debug_info    0x00004538      0xa00 C:\SAMV71x\app\01_scheduler\SAMV71_Xplained_Ultra\Debug\pio.o
 .debug_info    0x00004f38      0x327 C:\SAMV71x\app\01_scheduler\SAMV71_Xplained_Ultra\Debug\mpu.o
 .debug_info    0x0000525f      0x59c C:\SAMV71x\app\01_scheduler\SAMV71_Xplained_Ultra\Debug\exceptions.o
 .debug_info    0x000057fb      0x88b C:\SAMV71x\app\01_scheduler\SAMV71_Xplained_Ultra\Debug\systick.o
 .debug_info    0x00006086      0x13a C:\SAMV71x\app\01_scheduler\SAMV71_Xplained_Ultra\Debug\led_ctrl.o

.debug_abbrev   0x00000000     0x1417
 .debug_abbrev  0x00000000      0x111 C:\SAMV71x\app\01_scheduler\SAMV71_Xplained_Ultra\Debug\main.o
 .debug_abbrev  0x00000111      0x127 C:\SAMV71x\app\01_scheduler\SAMV71_Xplained_Ultra\Debug\system_sam.o
 .debug_abbrev  0x00000238      0x15e C:\SAMV71x\app\01_scheduler\SAMV71_Xplained_Ultra\Debug\syscalls.o
 .debug_abbrev  0x00000396      0x14f C:\SAMV71x\app\01_scheduler\SAMV71_Xplained_Ultra\Debug\app_scheduler.o
 .debug_abbrev  0x000004e5       0x8f C:\SAMV71x\app\01_scheduler\SAMV71_Xplained_Ultra\Debug\app_tasks.o
 .debug_abbrev  0x00000574      0x1a0 C:\SAMV71x\app\01_scheduler\SAMV71_Xplained_Ultra\Debug\startup_sam.o
 .debug_abbrev  0x00000714      0x12f C:\SAMV71x\app\01_scheduler\SAMV71_Xplained_Ultra\Debug\board_lowlevel.o
 .debug_abbrev  0x00000843      0x26e C:\SAMV71x\app\01_scheduler\SAMV71_Xplained_Ultra\Debug\dbg_console.o
 .debug_abbrev  0x00000ab1      0x113 C:\SAMV71x\app\01_scheduler\SAMV71_Xplained_Ultra\Debug\led.o
 .debug_abbrev  0x00000bc4      0x1ce C:\SAMV71x\app\01_scheduler\SAMV71_Xplained_Ultra\Debug\pmc.o
 .debug_abbrev  0x00000d92      0x19d C:\SAMV71x\app\01_scheduler\SAMV71_Xplained_Ultra\Debug\pio.o
 .debug_abbrev  0x00000f2f      0x144 C:\SAMV71x\app\01_scheduler\SAMV71_Xplained_Ultra\Debug\mpu.o
 .debug_abbrev  0x00001073      0x152 C:\SAMV71x\app\01_scheduler\SAMV71_Xplained_Ultra\Debug\exceptions.o
 .debug_abbrev  0x000011c5      0x1b2 C:\SAMV71x\app\01_scheduler\SAMV71_Xplained_Ultra\Debug\systick.o
 .debug_abbrev  0x00001377       0xa0 C:\SAMV71x\app\01_scheduler\SAMV71_Xplained_Ultra\Debug\led_ctrl.o

.debug_aranges  0x00000000      0x1e0
 .debug_aranges
                0x00000000       0x20 C:\SAMV71x\app\01_scheduler\SAMV71_Xplained_Ultra\Debug\main.o
 .debug_aranges
                0x00000020       0x20 C:\SAMV71x\app\01_scheduler\SAMV71_Xplained_Ultra\Debug\system_sam.o
 .debug_aranges
                0x00000040       0x20 C:\SAMV71x\app\01_scheduler\SAMV71_Xplained_Ultra\Debug\syscalls.o
 .debug_aranges
                0x00000060       0x20 C:\SAMV71x\app\01_scheduler\SAMV71_Xplained_Ultra\Debug\app_scheduler.o
 .debug_aranges
                0x00000080       0x20 C:\SAMV71x\app\01_scheduler\SAMV71_Xplained_Ultra\Debug\app_tasks.o
 .debug_aranges
                0x000000a0       0x20 C:\SAMV71x\app\01_scheduler\SAMV71_Xplained_Ultra\Debug\startup_sam.o
 .debug_aranges
                0x000000c0       0x20 C:\SAMV71x\app\01_scheduler\SAMV71_Xplained_Ultra\Debug\board_lowlevel.o
 .debug_aranges
                0x000000e0       0x20 C:\SAMV71x\app\01_scheduler\SAMV71_Xplained_Ultra\Debug\dbg_console.o
 .debug_aranges
                0x00000100       0x20 C:\SAMV71x\app\01_scheduler\SAMV71_Xplained_Ultra\Debug\led.o
 .debug_aranges
                0x00000120       0x20 C:\SAMV71x\app\01_scheduler\SAMV71_Xplained_Ultra\Debug\pmc.o
 .debug_aranges
                0x00000140       0x20 C:\SAMV71x\app\01_scheduler\SAMV71_Xplained_Ultra\Debug\pio.o
 .debug_aranges
                0x00000160       0x20 C:\SAMV71x\app\01_scheduler\SAMV71_Xplained_Ultra\Debug\mpu.o
 .debug_aranges
                0x00000180       0x20 C:\SAMV71x\app\01_scheduler\SAMV71_Xplained_Ultra\Debug\exceptions.o
 .debug_aranges
                0x000001a0       0x20 C:\SAMV71x\app\01_scheduler\SAMV71_Xplained_Ultra\Debug\systick.o
 .debug_aranges
                0x000001c0       0x20 C:\SAMV71x\app\01_scheduler\SAMV71_Xplained_Ultra\Debug\led_ctrl.o

.debug_macro    0x00000000    0x264fa
 .debug_macro   0x00000000     0x12e6 C:\SAMV71x\app\01_scheduler\SAMV71_Xplained_Ultra\Debug\main.o
 .debug_macro   0x000012e6       0x22 C:\SAMV71x\app\01_scheduler\SAMV71_Xplained_Ultra\Debug\main.o
 .debug_macro   0x00001308       0x44 C:\SAMV71x\app\01_scheduler\SAMV71_Xplained_Ultra\Debug\main.o
 .debug_macro   0x0000134c       0xe3 C:\SAMV71x\app\01_scheduler\SAMV71_Xplained_Ultra\Debug\main.o
 .debug_macro   0x0000142f       0x22 C:\SAMV71x\app\01_scheduler\SAMV71_Xplained_Ultra\Debug\main.o
 .debug_macro   0x00001451      0x1df C:\SAMV71x\app\01_scheduler\SAMV71_Xplained_Ultra\Debug\main.o
 .debug_macro   0x00001630       0x4a C:\SAMV71x\app\01_scheduler\SAMV71_Xplained_Ultra\Debug\main.o
 .debug_macro   0x0000167a       0x3b C:\SAMV71x\app\01_scheduler\SAMV71_Xplained_Ultra\Debug\main.o
 .debug_macro   0x000016b5       0x18 C:\SAMV71x\app\01_scheduler\SAMV71_Xplained_Ultra\Debug\main.o
 .debug_macro   0x000016cd       0x26 C:\SAMV71x\app\01_scheduler\SAMV71_Xplained_Ultra\Debug\main.o
 .debug_macro   0x000016f3      0xf9a C:\SAMV71x\app\01_scheduler\SAMV71_Xplained_Ultra\Debug\main.o
 .debug_macro   0x0000268d      0x16c C:\SAMV71x\app\01_scheduler\SAMV71_Xplained_Ultra\Debug\main.o
 .debug_macro   0x000027f9      0x24a C:\SAMV71x\app\01_scheduler\SAMV71_Xplained_Ultra\Debug\main.o
 .debug_macro   0x00002a43      0xa00 C:\SAMV71x\app\01_scheduler\SAMV71_Xplained_Ultra\Debug\main.o
 .debug_macro   0x00003443      0x1b4 C:\SAMV71x\app\01_scheduler\SAMV71_Xplained_Ultra\Debug\main.o
 .debug_macro   0x000035f7      0x328 C:\SAMV71x\app\01_scheduler\SAMV71_Xplained_Ultra\Debug\main.o
 .debug_macro   0x0000391f      0x15a C:\SAMV71x\app\01_scheduler\SAMV71_Xplained_Ultra\Debug\main.o
 .debug_macro   0x00003a79      0xe71 C:\SAMV71x\app\01_scheduler\SAMV71_Xplained_Ultra\Debug\main.o
 .debug_macro   0x000048ea       0x1c C:\SAMV71x\app\01_scheduler\SAMV71_Xplained_Ultra\Debug\main.o
 .debug_macro   0x00004906      0x67f C:\SAMV71x\app\01_scheduler\SAMV71_Xplained_Ultra\Debug\main.o
 .debug_macro   0x00004f85      0x310 C:\SAMV71x\app\01_scheduler\SAMV71_Xplained_Ultra\Debug\main.o
 .debug_macro   0x00005295      0x4c7 C:\SAMV71x\app\01_scheduler\SAMV71_Xplained_Ultra\Debug\main.o
 .debug_macro   0x0000575c      0x26e C:\SAMV71x\app\01_scheduler\SAMV71_Xplained_Ultra\Debug\main.o
 .debug_macro   0x000059ca     0x1324 C:\SAMV71x\app\01_scheduler\SAMV71_Xplained_Ultra\Debug\main.o
 .debug_macro   0x00006cee      0x280 C:\SAMV71x\app\01_scheduler\SAMV71_Xplained_Ultra\Debug\main.o
 .debug_macro   0x00006f6e     0x2ba3 C:\SAMV71x\app\01_scheduler\SAMV71_Xplained_Ultra\Debug\main.o
 .debug_macro   0x00009b11     0x101d C:\SAMV71x\app\01_scheduler\SAMV71_Xplained_Ultra\Debug\main.o
 .debug_macro   0x0000ab2e      0xe01 C:\SAMV71x\app\01_scheduler\SAMV71_Xplained_Ultra\Debug\main.o
 .debug_macro   0x0000b92f      0x3a4 C:\SAMV71x\app\01_scheduler\SAMV71_Xplained_Ultra\Debug\main.o
 .debug_macro   0x0000bcd3       0xa0 C:\SAMV71x\app\01_scheduler\SAMV71_Xplained_Ultra\Debug\main.o
 .debug_macro   0x0000bd73       0x76 C:\SAMV71x\app\01_scheduler\SAMV71_Xplained_Ultra\Debug\main.o
 .debug_macro   0x0000bde9      0x3fb C:\SAMV71x\app\01_scheduler\SAMV71_Xplained_Ultra\Debug\main.o
 .debug_macro   0x0000c1e4       0x64 C:\SAMV71x\app\01_scheduler\SAMV71_Xplained_Ultra\Debug\main.o
 .debug_macro   0x0000c248      0x276 C:\SAMV71x\app\01_scheduler\SAMV71_Xplained_Ultra\Debug\main.o
 .debug_macro   0x0000c4be      0x1c4 C:\SAMV71x\app\01_scheduler\SAMV71_Xplained_Ultra\Debug\main.o
 .debug_macro   0x0000c682      0x23b C:\SAMV71x\app\01_scheduler\SAMV71_Xplained_Ultra\Debug\main.o
 .debug_macro   0x0000c8bd      0x516 C:\SAMV71x\app\01_scheduler\SAMV71_Xplained_Ultra\Debug\main.o
 .debug_macro   0x0000cdd3      0x62d C:\SAMV71x\app\01_scheduler\SAMV71_Xplained_Ultra\Debug\main.o
 .debug_macro   0x0000d400      0x6a9 C:\SAMV71x\app\01_scheduler\SAMV71_Xplained_Ultra\Debug\main.o
 .debug_macro   0x0000daa9       0x4c C:\SAMV71x\app\01_scheduler\SAMV71_Xplained_Ultra\Debug\main.o
 .debug_macro   0x0000daf5      0x45a C:\SAMV71x\app\01_scheduler\SAMV71_Xplained_Ultra\Debug\main.o
 .debug_macro   0x0000df4f      0x1fb C:\SAMV71x\app\01_scheduler\SAMV71_Xplained_Ultra\Debug\main.o
 .debug_macro   0x0000e14a      0x87d C:\SAMV71x\app\01_scheduler\SAMV71_Xplained_Ultra\Debug\main.o
 .debug_macro   0x0000e9c7     0x1547 C:\SAMV71x\app\01_scheduler\SAMV71_Xplained_Ultra\Debug\main.o
 .debug_macro   0x0000ff0e       0x40 C:\SAMV71x\app\01_scheduler\SAMV71_Xplained_Ultra\Debug\main.o
 .debug_macro   0x0000ff4e       0x76 C:\SAMV71x\app\01_scheduler\SAMV71_Xplained_Ultra\Debug\main.o
 .debug_macro   0x0000ffc4      0xda0 C:\SAMV71x\app\01_scheduler\SAMV71_Xplained_Ultra\Debug\main.o
 .debug_macro   0x00010d64       0x82 C:\SAMV71x\app\01_scheduler\SAMV71_Xplained_Ultra\Debug\main.o
 .debug_macro   0x00010de6       0x76 C:\SAMV71x\app\01_scheduler\SAMV71_Xplained_Ultra\Debug\main.o
 .debug_macro   0x00010e5c       0x4c C:\SAMV71x\app\01_scheduler\SAMV71_Xplained_Ultra\Debug\main.o
 .debug_macro   0x00010ea8      0x126 C:\SAMV71x\app\01_scheduler\SAMV71_Xplained_Ultra\Debug\main.o
 .debug_macro   0x00010fce      0x126 C:\SAMV71x\app\01_scheduler\SAMV71_Xplained_Ultra\Debug\main.o
 .debug_macro   0x000110f4      0x126 C:\SAMV71x\app\01_scheduler\SAMV71_Xplained_Ultra\Debug\main.o
 .debug_macro   0x0001121a       0x6a C:\SAMV71x\app\01_scheduler\SAMV71_Xplained_Ultra\Debug\main.o
 .debug_macro   0x00011284       0x6a C:\SAMV71x\app\01_scheduler\SAMV71_Xplained_Ultra\Debug\main.o
 .debug_macro   0x000112ee      0x313 C:\SAMV71x\app\01_scheduler\SAMV71_Xplained_Ultra\Debug\main.o
 .debug_macro   0x00011601       0xb2 C:\SAMV71x\app\01_scheduler\SAMV71_Xplained_Ultra\Debug\main.o
 .debug_macro   0x000116b3       0xb2 C:\SAMV71x\app\01_scheduler\SAMV71_Xplained_Ultra\Debug\main.o
 .debug_macro   0x00011765       0xb2 C:\SAMV71x\app\01_scheduler\SAMV71_Xplained_Ultra\Debug\main.o
 .debug_macro   0x00011817      0x112 C:\SAMV71x\app\01_scheduler\SAMV71_Xplained_Ultra\Debug\main.o
 .debug_macro   0x00011929      0x112 C:\SAMV71x\app\01_scheduler\SAMV71_Xplained_Ultra\Debug\main.o
 .debug_macro   0x00011a3b      0x2cd C:\SAMV71x\app\01_scheduler\SAMV71_Xplained_Ultra\Debug\main.o
 .debug_macro   0x00011d08       0xb8 C:\SAMV71x\app\01_scheduler\SAMV71_Xplained_Ultra\Debug\main.o
 .debug_macro   0x00011dc0       0x5e C:\SAMV71x\app\01_scheduler\SAMV71_Xplained_Ultra\Debug\main.o
 .debug_macro   0x00011e1e       0x40 C:\SAMV71x\app\01_scheduler\SAMV71_Xplained_Ultra\Debug\main.o
 .debug_macro   0x00011e5e       0x4c C:\SAMV71x\app\01_scheduler\SAMV71_Xplained_Ultra\Debug\main.o
 .debug_macro   0x00011eaa       0xa0 C:\SAMV71x\app\01_scheduler\SAMV71_Xplained_Ultra\Debug\main.o
 .debug_macro   0x00011f4a      0x494 C:\SAMV71x\app\01_scheduler\SAMV71_Xplained_Ultra\Debug\main.o
 .debug_macro   0x000123de      0x126 C:\SAMV71x\app\01_scheduler\SAMV71_Xplained_Ultra\Debug\main.o
 .debug_macro   0x00012504       0x4c C:\SAMV71x\app\01_scheduler\SAMV71_Xplained_Ultra\Debug\main.o
 .debug_macro   0x00012550      0x313 C:\SAMV71x\app\01_scheduler\SAMV71_Xplained_Ultra\Debug\main.o
 .debug_macro   0x00012863       0x6a C:\SAMV71x\app\01_scheduler\SAMV71_Xplained_Ultra\Debug\main.o
 .debug_macro   0x000128cd       0xb8 C:\SAMV71x\app\01_scheduler\SAMV71_Xplained_Ultra\Debug\main.o
 .debug_macro   0x00012985       0x76 C:\SAMV71x\app\01_scheduler\SAMV71_Xplained_Ultra\Debug\main.o
 .debug_macro   0x000129fb       0x6a C:\SAMV71x\app\01_scheduler\SAMV71_Xplained_Ultra\Debug\main.o
 .debug_macro   0x00012a65       0x2e C:\SAMV71x\app\01_scheduler\SAMV71_Xplained_Ultra\Debug\main.o
 .debug_macro   0x00012a93      0x9b1 C:\SAMV71x\app\01_scheduler\SAMV71_Xplained_Ultra\Debug\main.o
 .debug_macro   0x00013444       0x6a C:\SAMV71x\app\01_scheduler\SAMV71_Xplained_Ultra\Debug\main.o
 .debug_macro   0x000134ae       0x88 C:\SAMV71x\app\01_scheduler\SAMV71_Xplained_Ultra\Debug\main.o
 .debug_macro   0x00013536       0x58 C:\SAMV71x\app\01_scheduler\SAMV71_Xplained_Ultra\Debug\main.o
 .debug_macro   0x0001358e       0xa6 C:\SAMV71x\app\01_scheduler\SAMV71_Xplained_Ultra\Debug\main.o
 .debug_macro   0x00013634       0x16 C:\SAMV71x\app\01_scheduler\SAMV71_Xplained_Ultra\Debug\main.o
 .debug_macro   0x0001364a       0xe2 C:\SAMV71x\app\01_scheduler\SAMV71_Xplained_Ultra\Debug\main.o
 .debug_macro   0x0001372c       0x4c C:\SAMV71x\app\01_scheduler\SAMV71_Xplained_Ultra\Debug\main.o
 .debug_macro   0x00013778       0x16 C:\SAMV71x\app\01_scheduler\SAMV71_Xplained_Ultra\Debug\main.o
 .debug_macro   0x0001378e       0x4c C:\SAMV71x\app\01_scheduler\SAMV71_Xplained_Ultra\Debug\main.o
 .debug_macro   0x000137da       0x2e C:\SAMV71x\app\01_scheduler\SAMV71_Xplained_Ultra\Debug\main.o
 .debug_macro   0x00013808      0x19e C:\SAMV71x\app\01_scheduler\SAMV71_Xplained_Ultra\Debug\main.o
 .debug_macro   0x000139a6      0x19e C:\SAMV71x\app\01_scheduler\SAMV71_Xplained_Ultra\Debug\main.o
 .debug_macro   0x00013b44      0x19e C:\SAMV71x\app\01_scheduler\SAMV71_Xplained_Ultra\Debug\main.o
 .debug_macro   0x00013ce2      0x19e C:\SAMV71x\app\01_scheduler\SAMV71_Xplained_Ultra\Debug\main.o
 .debug_macro   0x00013e80      0x19e C:\SAMV71x\app\01_scheduler\SAMV71_Xplained_Ultra\Debug\main.o
 .debug_macro   0x0001401e       0x1c C:\SAMV71x\app\01_scheduler\SAMV71_Xplained_Ultra\Debug\main.o
 .debug_macro   0x0001403a       0x2e C:\SAMV71x\app\01_scheduler\SAMV71_Xplained_Ultra\Debug\main.o
 .debug_macro   0x00014068       0x22 C:\SAMV71x\app\01_scheduler\SAMV71_Xplained_Ultra\Debug\main.o
 .debug_macro   0x0001408a       0x1c C:\SAMV71x\app\01_scheduler\SAMV71_Xplained_Ultra\Debug\main.o
 .debug_macro   0x000140a6       0x52 C:\SAMV71x\app\01_scheduler\SAMV71_Xplained_Ultra\Debug\main.o
 .debug_macro   0x000140f8       0x10 C:\SAMV71x\app\01_scheduler\SAMV71_Xplained_Ultra\Debug\main.o
 .debug_macro   0x00014108       0x1c C:\SAMV71x\app\01_scheduler\SAMV71_Xplained_Ultra\Debug\main.o
 .debug_macro   0x00014124       0x4c C:\SAMV71x\app\01_scheduler\SAMV71_Xplained_Ultra\Debug\main.o
 .debug_macro   0x00014170       0x4c C:\SAMV71x\app\01_scheduler\SAMV71_Xplained_Ultra\Debug\main.o
 .debug_macro   0x000141bc       0x4c C:\SAMV71x\app\01_scheduler\SAMV71_Xplained_Ultra\Debug\main.o
 .debug_macro   0x00014208      0x329 C:\SAMV71x\app\01_scheduler\SAMV71_Xplained_Ultra\Debug\main.o
 .debug_macro   0x00014531     0x1028 C:\SAMV71x\app\01_scheduler\SAMV71_Xplained_Ultra\Debug\main.o
 .debug_macro   0x00015559      0x107 C:\SAMV71x\app\01_scheduler\SAMV71_Xplained_Ultra\Debug\main.o
 .debug_macro   0x00015660      0x166 C:\SAMV71x\app\01_scheduler\SAMV71_Xplained_Ultra\Debug\main.o
 .debug_macro   0x000157c6       0x58 C:\SAMV71x\app\01_scheduler\SAMV71_Xplained_Ultra\Debug\main.o
 .debug_macro   0x0001581e       0x35 C:\SAMV71x\app\01_scheduler\SAMV71_Xplained_Ultra\Debug\main.o
 .debug_macro   0x00015853       0x9c C:\SAMV71x\app\01_scheduler\SAMV71_Xplained_Ultra\Debug\main.o
 .debug_macro   0x000158ef       0x16 C:\SAMV71x\app\01_scheduler\SAMV71_Xplained_Ultra\Debug\main.o
 .debug_macro   0x00015905       0x35 C:\SAMV71x\app\01_scheduler\SAMV71_Xplained_Ultra\Debug\main.o
 .debug_macro   0x0001593a       0x52 C:\SAMV71x\app\01_scheduler\SAMV71_Xplained_Ultra\Debug\main.o
 .debug_macro   0x0001598c       0x16 C:\SAMV71x\app\01_scheduler\SAMV71_Xplained_Ultra\Debug\main.o
 .debug_macro   0x000159a2       0x43 C:\SAMV71x\app\01_scheduler\SAMV71_Xplained_Ultra\Debug\main.o
 .debug_macro   0x000159e5      0x180 C:\SAMV71x\app\01_scheduler\SAMV71_Xplained_Ultra\Debug\main.o
 .debug_macro   0x00015b65      0x29d C:\SAMV71x\app\01_scheduler\SAMV71_Xplained_Ultra\Debug\main.o
 .debug_macro   0x00015e02       0x16 C:\SAMV71x\app\01_scheduler\SAMV71_Xplained_Ultra\Debug\main.o
 .debug_macro   0x00015e18       0x29 C:\SAMV71x\app\01_scheduler\SAMV71_Xplained_Ultra\Debug\main.o
 .debug_macro   0x00015e41       0x22 C:\SAMV71x\app\01_scheduler\SAMV71_Xplained_Ultra\Debug\main.o
 .debug_macro   0x00015e63      0x159 C:\SAMV71x\app\01_scheduler\SAMV71_Xplained_Ultra\Debug\main.o
 .debug_macro   0x00015fbc       0x5e C:\SAMV71x\app\01_scheduler\SAMV71_Xplained_Ultra\Debug\main.o
 .debug_macro   0x0001601a       0x16 C:\SAMV71x\app\01_scheduler\SAMV71_Xplained_Ultra\Debug\main.o
 .debug_macro   0x00016030       0xc6 C:\SAMV71x\app\01_scheduler\SAMV71_Xplained_Ultra\Debug\main.o
 .debug_macro   0x000160f6       0x16 C:\SAMV71x\app\01_scheduler\SAMV71_Xplained_Ultra\Debug\main.o
 .debug_macro   0x0001610c       0x10 C:\SAMV71x\app\01_scheduler\SAMV71_Xplained_Ultra\Debug\main.o
 .debug_macro   0x0001611c       0xe6 C:\SAMV71x\app\01_scheduler\SAMV71_Xplained_Ultra\Debug\main.o
 .debug_macro   0x00016202       0x94 C:\SAMV71x\app\01_scheduler\SAMV71_Xplained_Ultra\Debug\main.o
 .debug_macro   0x00016296       0x97 C:\SAMV71x\app\01_scheduler\SAMV71_Xplained_Ultra\Debug\main.o
 .debug_macro   0x0001632d      0x19e C:\SAMV71x\app\01_scheduler\SAMV71_Xplained_Ultra\Debug\main.o
 .debug_macro   0x000164cb       0x98 C:\SAMV71x\app\01_scheduler\SAMV71_Xplained_Ultra\Debug\main.o
 .debug_macro   0x00016563       0x34 C:\SAMV71x\app\01_scheduler\SAMV71_Xplained_Ultra\Debug\main.o
 .debug_macro   0x00016597       0x16 C:\SAMV71x\app\01_scheduler\SAMV71_Xplained_Ultra\Debug\main.o
 .debug_macro   0x000165ad       0x76 C:\SAMV71x\app\01_scheduler\SAMV71_Xplained_Ultra\Debug\main.o
 .debug_macro   0x00016623       0x1c C:\SAMV71x\app\01_scheduler\SAMV71_Xplained_Ultra\Debug\main.o
 .debug_macro   0x0001663f       0x3a C:\SAMV71x\app\01_scheduler\SAMV71_Xplained_Ultra\Debug\main.o
 .debug_macro   0x00016679       0x1c C:\SAMV71x\app\01_scheduler\SAMV71_Xplained_Ultra\Debug\main.o
 .debug_macro   0x00016695       0x2e C:\SAMV71x\app\01_scheduler\SAMV71_Xplained_Ultra\Debug\main.o
 .debug_macro   0x000166c3       0x3a C:\SAMV71x\app\01_scheduler\SAMV71_Xplained_Ultra\Debug\main.o
 .debug_macro   0x000166fd       0x52 C:\SAMV71x\app\01_scheduler\SAMV71_Xplained_Ultra\Debug\main.o
 .debug_macro   0x0001674f       0x22 C:\SAMV71x\app\01_scheduler\SAMV71_Xplained_Ultra\Debug\main.o
 .debug_macro   0x00016771       0x1c C:\SAMV71x\app\01_scheduler\SAMV71_Xplained_Ultra\Debug\main.o
 .debug_macro   0x0001678d       0x1c C:\SAMV71x\app\01_scheduler\SAMV71_Xplained_Ultra\Debug\main.o
 .debug_macro   0x000167a9       0x10 C:\SAMV71x\app\01_scheduler\SAMV71_Xplained_Ultra\Debug\main.o
 .debug_macro   0x000167b9       0x10 C:\SAMV71x\app\01_scheduler\SAMV71_Xplained_Ultra\Debug\main.o
 .debug_macro   0x000167c9       0x22 C:\SAMV71x\app\01_scheduler\SAMV71_Xplained_Ultra\Debug\main.o
 .debug_macro   0x000167eb       0xbe C:\SAMV71x\app\01_scheduler\SAMV71_Xplained_Ultra\Debug\main.o
 .debug_macro   0x000168a9       0x16 C:\SAMV71x\app\01_scheduler\SAMV71_Xplained_Ultra\Debug\main.o
 .debug_macro   0x000168bf      0x197 C:\SAMV71x\app\01_scheduler\SAMV71_Xplained_Ultra\Debug\main.o
 .debug_macro   0x00016a56       0x93 C:\SAMV71x\app\01_scheduler\SAMV71_Xplained_Ultra\Debug\main.o
 .debug_macro   0x00016ae9       0x2e C:\SAMV71x\app\01_scheduler\SAMV71_Xplained_Ultra\Debug\main.o
 .debug_macro   0x00016b17       0x2e C:\SAMV71x\app\01_scheduler\SAMV71_Xplained_Ultra\Debug\main.o
 .debug_macro   0x00016b45       0x76 C:\SAMV71x\app\01_scheduler\SAMV71_Xplained_Ultra\Debug\main.o
 .debug_macro   0x00016bbb       0x28 C:\SAMV71x\app\01_scheduler\SAMV71_Xplained_Ultra\Debug\main.o
 .debug_macro   0x00016be3       0x16 C:\SAMV71x\app\01_scheduler\SAMV71_Xplained_Ultra\Debug\main.o
 .debug_macro   0x00016bf9       0x28 C:\SAMV71x\app\01_scheduler\SAMV71_Xplained_Ultra\Debug\main.o
 .debug_macro   0x00016c21       0x1c C:\SAMV71x\app\01_scheduler\SAMV71_Xplained_Ultra\Debug\main.o
 .debug_macro   0x00016c3d       0x16 C:\SAMV71x\app\01_scheduler\SAMV71_Xplained_Ultra\Debug\main.o
 .debug_macro   0x00016c53       0x16 C:\SAMV71x\app\01_scheduler\SAMV71_Xplained_Ultra\Debug\main.o
 .debug_macro   0x00016c69       0x1c C:\SAMV71x\app\01_scheduler\SAMV71_Xplained_Ultra\Debug\main.o
 .debug_macro   0x00016c85       0x6f C:\SAMV71x\app\01_scheduler\SAMV71_Xplained_Ultra\Debug\main.o
 .debug_macro   0x00016cf4       0xa0 C:\SAMV71x\app\01_scheduler\SAMV71_Xplained_Ultra\Debug\main.o
 .debug_macro   0x00016d94       0x10 C:\SAMV71x\app\01_scheduler\SAMV71_Xplained_Ultra\Debug\main.o
 .debug_macro   0x00016da4      0x148 C:\SAMV71x\app\01_scheduler\SAMV71_Xplained_Ultra\Debug\main.o
 .debug_macro   0x00016eec       0x16 C:\SAMV71x\app\01_scheduler\SAMV71_Xplained_Ultra\Debug\main.o
 .debug_macro   0x00016f02       0x52 C:\SAMV71x\app\01_scheduler\SAMV71_Xplained_Ultra\Debug\main.o
 .debug_macro   0x00016f54      0x240 C:\SAMV71x\app\01_scheduler\SAMV71_Xplained_Ultra\Debug\main.o
 .debug_macro   0x00017194       0x34 C:\SAMV71x\app\01_scheduler\SAMV71_Xplained_Ultra\Debug\main.o
 .debug_macro   0x000171c8      0x13c C:\SAMV71x\app\01_scheduler\SAMV71_Xplained_Ultra\Debug\main.o
 .debug_macro   0x00017304       0x10 C:\SAMV71x\app\01_scheduler\SAMV71_Xplained_Ultra\Debug\main.o
 .debug_macro   0x00017314      0x102 C:\SAMV71x\app\01_scheduler\SAMV71_Xplained_Ultra\Debug\main.o
 .debug_macro   0x00017416       0x52 C:\SAMV71x\app\01_scheduler\SAMV71_Xplained_Ultra\Debug\main.o
 .debug_macro   0x00017468      0x1f3 C:\SAMV71x\app\01_scheduler\SAMV71_Xplained_Ultra\Debug\main.o
 .debug_macro   0x0001765b       0x2e C:\SAMV71x\app\01_scheduler\SAMV71_Xplained_Ultra\Debug\main.o
 .debug_macro   0x00017689       0x16 C:\SAMV71x\app\01_scheduler\SAMV71_Xplained_Ultra\Debug\main.o
 .debug_macro   0x0001769f       0x52 C:\SAMV71x\app\01_scheduler\SAMV71_Xplained_Ultra\Debug\main.o
 .debug_macro   0x000176f1       0x16 C:\SAMV71x\app\01_scheduler\SAMV71_Xplained_Ultra\Debug\main.o
 .debug_macro   0x00017707       0x10 C:\SAMV71x\app\01_scheduler\SAMV71_Xplained_Ultra\Debug\main.o
 .debug_macro   0x00017717       0x10 C:\SAMV71x\app\01_scheduler\SAMV71_Xplained_Ultra\Debug\main.o
 .debug_macro   0x00017727       0x10 C:\SAMV71x\app\01_scheduler\SAMV71_Xplained_Ultra\Debug\main.o
 .debug_macro   0x00017737       0x35 C:\SAMV71x\app\01_scheduler\SAMV71_Xplained_Ultra\Debug\main.o
 .debug_macro   0x0001776c      0x122 C:\SAMV71x\app\01_scheduler\SAMV71_Xplained_Ultra\Debug\main.o
 .debug_macro   0x0001788e      0x456 C:\SAMV71x\app\01_scheduler\SAMV71_Xplained_Ultra\Debug\main.o
 .debug_macro   0x00017ce4       0x52 C:\SAMV71x\app\01_scheduler\SAMV71_Xplained_Ultra\Debug\main.o
 .debug_macro   0x00017d36       0x34 C:\SAMV71x\app\01_scheduler\SAMV71_Xplained_Ultra\Debug\main.o
 .debug_macro   0x00017d6a      0xdab C:\SAMV71x\app\01_scheduler\SAMV71_Xplained_Ultra\Debug\system_sam.o
 .debug_macro   0x00018b15     0x12db C:\SAMV71x\app\01_scheduler\SAMV71_Xplained_Ultra\Debug\syscalls.o
 .debug_macro   0x00019df0       0x10 C:\SAMV71x\app\01_scheduler\SAMV71_Xplained_Ultra\Debug\syscalls.o
 .debug_macro   0x00019e00      0x241 C:\SAMV71x\app\01_scheduler\SAMV71_Xplained_Ultra\Debug\syscalls.o
 .debug_macro   0x0001a041      0xea2 C:\SAMV71x\app\01_scheduler\SAMV71_Xplained_Ultra\Debug\app_scheduler.o
 .debug_macro   0x0001aee3       0x50 C:\SAMV71x\app\01_scheduler\SAMV71_Xplained_Ultra\Debug\app_scheduler.o
 .debug_macro   0x0001af33      0xe82 C:\SAMV71x\app\01_scheduler\SAMV71_Xplained_Ultra\Debug\app_tasks.o
 .debug_macro   0x0001bdb5      0xd93 C:\SAMV71x\app\01_scheduler\SAMV71_Xplained_Ultra\Debug\startup_sam.o
 .debug_macro   0x0001cb48     0x12bd C:\SAMV71x\app\01_scheduler\SAMV71_Xplained_Ultra\Debug\board_lowlevel.o
 .debug_macro   0x0001de05     0x12f2 C:\SAMV71x\app\01_scheduler\SAMV71_Xplained_Ultra\Debug\dbg_console.o
 .debug_macro   0x0001f0f7     0x12bc C:\SAMV71x\app\01_scheduler\SAMV71_Xplained_Ultra\Debug\led.o
 .debug_macro   0x000203b3     0x111f C:\SAMV71x\app\01_scheduler\SAMV71_Xplained_Ultra\Debug\pmc.o
 .debug_macro   0x000214d2     0x1109 C:\SAMV71x\app\01_scheduler\SAMV71_Xplained_Ultra\Debug\pio.o
 .debug_macro   0x000225db     0x110a C:\SAMV71x\app\01_scheduler\SAMV71_Xplained_Ultra\Debug\mpu.o
 .debug_macro   0x000236e5     0x110a C:\SAMV71x\app\01_scheduler\SAMV71_Xplained_Ultra\Debug\exceptions.o
 .debug_macro   0x000247ef      0xe89 C:\SAMV71x\app\01_scheduler\SAMV71_Xplained_Ultra\Debug\systick.o
 .debug_macro   0x00025678      0xe82 C:\SAMV71x\app\01_scheduler\SAMV71_Xplained_Ultra\Debug\led_ctrl.o

.debug_line     0x00000000     0xcdf9
 .debug_line    0x00000000     0x10aa C:\SAMV71x\app\01_scheduler\SAMV71_Xplained_Ultra\Debug\main.o
 .debug_line    0x000010aa      0xac8 C:\SAMV71x\app\01_scheduler\SAMV71_Xplained_Ultra\Debug\system_sam.o
 .debug_line    0x00001b72     0x100e C:\SAMV71x\app\01_scheduler\SAMV71_Xplained_Ultra\Debug\syscalls.o
 .debug_line    0x00002b80      0xc46 C:\SAMV71x\app\01_scheduler\SAMV71_Xplained_Ultra\Debug\app_scheduler.o
 .debug_line    0x000037c6      0xb46 C:\SAMV71x\app\01_scheduler\SAMV71_Xplained_Ultra\Debug\app_tasks.o
 .debug_line    0x0000430c      0xa35 C:\SAMV71x\app\01_scheduler\SAMV71_Xplained_Ultra\Debug\startup_sam.o
 .debug_line    0x00004d41     0x101b C:\SAMV71x\app\01_scheduler\SAMV71_Xplained_Ultra\Debug\board_lowlevel.o
 .debug_line    0x00005d5c     0x115d C:\SAMV71x\app\01_scheduler\SAMV71_Xplained_Ultra\Debug\dbg_console.o
 .debug_line    0x00006eb9      0xfd7 C:\SAMV71x\app\01_scheduler\SAMV71_Xplained_Ultra\Debug\led.o
 .debug_line    0x00007e90      0xf24 C:\SAMV71x\app\01_scheduler\SAMV71_Xplained_Ultra\Debug\pmc.o
 .debug_line    0x00008db4      0xe23 C:\SAMV71x\app\01_scheduler\SAMV71_Xplained_Ultra\Debug\pio.o
 .debug_line    0x00009bd7      0xdaa C:\SAMV71x\app\01_scheduler\SAMV71_Xplained_Ultra\Debug\mpu.o
 .debug_line    0x0000a981      0xdd8 C:\SAMV71x\app\01_scheduler\SAMV71_Xplained_Ultra\Debug\exceptions.o
 .debug_line    0x0000b759      0xb55 C:\SAMV71x\app\01_scheduler\SAMV71_Xplained_Ultra\Debug\systick.o
 .debug_line    0x0000c2ae      0xb4b C:\SAMV71x\app\01_scheduler\SAMV71_Xplained_Ultra\Debug\led_ctrl.o

.debug_str      0x00000000    0x7dc29
 .debug_str     0x00000000    0x7b3ca C:\SAMV71x\app\01_scheduler\SAMV71_Xplained_Ultra\Debug\main.o
                              0x7b96d (size before relaxing)
 .debug_str     0x0007b3ca      0x3eb C:\SAMV71x\app\01_scheduler\SAMV71_Xplained_Ultra\Debug\system_sam.o
                              0x6e200 (size before relaxing)
 .debug_str     0x0007b7b5      0x600 C:\SAMV71x\app\01_scheduler\SAMV71_Xplained_Ultra\Debug\syscalls.o
                              0x7ba5d (size before relaxing)
 .debug_str     0x0007bdb5      0x288 C:\SAMV71x\app\01_scheduler\SAMV71_Xplained_Ultra\Debug\app_scheduler.o
                              0x712e2 (size before relaxing)
 .debug_str     0x0007c03d       0xa1 C:\SAMV71x\app\01_scheduler\SAMV71_Xplained_Ultra\Debug\app_tasks.o
                              0x70d84 (size before relaxing)
 .debug_str     0x0007c0de      0x5d8 C:\SAMV71x\app\01_scheduler\SAMV71_Xplained_Ultra\Debug\startup_sam.o
                              0x6e5c5 (size before relaxing)
 .debug_str     0x0007c6b6       0x7d C:\SAMV71x\app\01_scheduler\SAMV71_Xplained_Ultra\Debug\board_lowlevel.o
                              0x7b63a (size before relaxing)
 .debug_str     0x0007c733      0xa52 C:\SAMV71x\app\01_scheduler\SAMV71_Xplained_Ultra\Debug\dbg_console.o
                              0x7bf70 (size before relaxing)
 .debug_str     0x0007d185       0x70 C:\SAMV71x\app\01_scheduler\SAMV71_Xplained_Ultra\Debug\led.o
                              0x7b7da (size before relaxing)
 .debug_str     0x0007d1f5      0x2af C:\SAMV71x\app\01_scheduler\SAMV71_Xplained_Ultra\Debug\pmc.o
                              0x760e4 (size before relaxing)
 .debug_str     0x0007d4a4      0x188 C:\SAMV71x\app\01_scheduler\SAMV71_Xplained_Ultra\Debug\pio.o
                              0x7612e (size before relaxing)
 .debug_str     0x0007d62c      0x13c C:\SAMV71x\app\01_scheduler\SAMV71_Xplained_Ultra\Debug\mpu.o
                              0x75de8 (size before relaxing)
 .debug_str     0x0007d768       0x4c C:\SAMV71x\app\01_scheduler\SAMV71_Xplained_Ultra\Debug\exceptions.o
                              0x75e8f (size before relaxing)
 .debug_str     0x0007d7b4      0x3f5 C:\SAMV71x\app\01_scheduler\SAMV71_Xplained_Ultra\Debug\systick.o
                              0x714db (size before relaxing)
 .debug_str     0x0007dba9       0x80 C:\SAMV71x\app\01_scheduler\SAMV71_Xplained_Ultra\Debug\led_ctrl.o
                              0x70d6f (size before relaxing)

.comment        0x00000000       0x70
 .comment       0x00000000       0x70 C:\SAMV71x\app\01_scheduler\SAMV71_Xplained_Ultra\Debug\main.o
                                 0x71 (size before relaxing)
 .comment       0x00000000       0x71 C:\SAMV71x\app\01_scheduler\SAMV71_Xplained_Ultra\Debug\system_sam.o
 .comment       0x00000000       0x71 C:\SAMV71x\app\01_scheduler\SAMV71_Xplained_Ultra\Debug\syscalls.o
 .comment       0x00000000       0x71 C:\SAMV71x\app\01_scheduler\SAMV71_Xplained_Ultra\Debug\app_scheduler.o
 .comment       0x00000000       0x71 C:\SAMV71x\app\01_scheduler\SAMV71_Xplained_Ultra\Debug\app_tasks.o
 .comment       0x00000000       0x71 C:\SAMV71x\app\01_scheduler\SAMV71_Xplained_Ultra\Debug\startup_sam.o
 .comment       0x00000000       0x71 C:\SAMV71x\app\01_scheduler\SAMV71_Xplained_Ultra\Debug\board_lowlevel.o
 .comment       0x00000000       0x71 C:\SAMV71x\app\01_scheduler\SAMV71_Xplained_Ultra\Debug\dbg_console.o
 .comment       0x00000000       0x71 C:\SAMV71x\app\01_scheduler\SAMV71_Xplained_Ultra\Debug\led.o
 .comment       0x00000000       0x71 C:\SAMV71x\app\01_scheduler\SAMV71_Xplained_Ultra\Debug\pmc.o
 .comment       0x00000000       0x71 C:\SAMV71x\app\01_scheduler\SAMV71_Xplained_Ultra\Debug\pio.o
 .comment       0x00000000       0x71 C:\SAMV71x\app\01_scheduler\SAMV71_Xplained_Ultra\Debug\mpu.o
 .comment       0x00000000       0x71 C:\SAMV71x\app\01_scheduler\SAMV71_Xplained_Ultra\Debug\exceptions.o
 .comment       0x00000000       0x71 C:\SAMV71x\app\01_scheduler\SAMV71_Xplained_Ultra\Debug\systick.o
 .comment       0x00000000       0x71 C:\SAMV71x\app\01_scheduler\SAMV71_Xplained_Ultra\Debug\led_ctrl.o

.ARM.attributes
                0x00000000       0x35
 .ARM.attributes
                0x00000000       0x37 C:\SAMV71x\app\01_scheduler\SAMV71_Xplained_Ultra\Debug\main.o
 .ARM.attributes
                0x00000037       0x37 C:\SAMV71x\app\01_scheduler\SAMV71_Xplained_Ultra\Debug\system_sam.o
 .ARM.attributes
                0x0000006e       0x37 C:\SAMV71x\app\01_scheduler\SAMV71_Xplained_Ultra\Debug\syscalls.o
 .ARM.attributes
                0x000000a5       0x37 C:\SAMV71x\app\01_scheduler\SAMV71_Xplained_Ultra\Debug\app_scheduler.o
 .ARM.attributes
                0x000000dc       0x37 C:\SAMV71x\app\01_scheduler\SAMV71_Xplained_Ultra\Debug\app_tasks.o
 .ARM.attributes
                0x00000113       0x37 C:\SAMV71x\app\01_scheduler\SAMV71_Xplained_Ultra\Debug\startup_sam.o
 .ARM.attributes
                0x0000014a       0x37 C:\SAMV71x\app\01_scheduler\SAMV71_Xplained_Ultra\Debug\board_lowlevel.o
 .ARM.attributes
                0x00000181       0x37 C:\SAMV71x\app\01_scheduler\SAMV71_Xplained_Ultra\Debug\dbg_console.o
 .ARM.attributes
                0x000001b8       0x37 C:\SAMV71x\app\01_scheduler\SAMV71_Xplained_Ultra\Debug\led.o
 .ARM.attributes
                0x000001ef       0x37 C:\SAMV71x\app\01_scheduler\SAMV71_Xplained_Ultra\Debug\pmc.o
 .ARM.attributes
                0x00000226       0x37 C:\SAMV71x\app\01_scheduler\SAMV71_Xplained_Ultra\Debug\pio.o
 .ARM.attributes
                0x0000025d       0x37 C:\SAMV71x\app\01_scheduler\SAMV71_Xplained_Ultra\Debug\mpu.o
 .ARM.attributes
                0x00000294       0x37 C:\SAMV71x\app\01_scheduler\SAMV71_Xplained_Ultra\Debug\exceptions.o
 .ARM.attributes
                0x000002cb       0x37 C:\SAMV71x\app\01_scheduler\SAMV71_Xplained_Ultra\Debug\systick.o
 .ARM.attributes
                0x00000302       0x37 C:\SAMV71x\app\01_scheduler\SAMV71_Xplained_Ultra\Debug\led_ctrl.o
 .ARM.attributes
                0x00000339       0x33 c:/isystem/winidea9/gcc/arm/bin/../lib/gcc/arm-none-eabi/4.9.3/../../../../arm-none-eabi/lib/cortex-m7\libc.a(lib_a-assert.o)
 .ARM.attributes
                0x0000036c       0x33 c:/isystem/winidea9/gcc/arm/bin/../lib/gcc/arm-none-eabi/4.9.3/../../../../arm-none-eabi/lib/cortex-m7\libc.a(lib_a-fiprintf.o)
 .ARM.attributes
                0x0000039f       0x33 c:/isystem/winidea9/gcc/arm/bin/../lib/gcc/arm-none-eabi/4.9.3/../../../../arm-none-eabi/lib/cortex-m7\libc.a(lib_a-impure.o)
 .ARM.attributes
                0x000003d2       0x33 c:/isystem/winidea9/gcc/arm/bin/../lib/gcc/arm-none-eabi/4.9.3/../../../../arm-none-eabi/lib/cortex-m7\libc.a(lib_a-printf.o)
 .ARM.attributes
                0x00000405       0x33 c:/isystem/winidea9/gcc/arm/bin/../lib/gcc/arm-none-eabi/4.9.3/../../../../arm-none-eabi/lib/cortex-m7\libc.a(lib_a-putchar.o)
 .ARM.attributes
                0x00000438       0x33 c:/isystem/winidea9/gcc/arm/bin/../lib/gcc/arm-none-eabi/4.9.3/../../../../arm-none-eabi/lib/cortex-m7\libc.a(lib_a-setvbuf.o)
 .ARM.attributes
                0x0000046b       0x33 c:/isystem/winidea9/gcc/arm/bin/../lib/gcc/arm-none-eabi/4.9.3/../../../../arm-none-eabi/lib/cortex-m7\libc.a(lib_a-vfiprintf.o)
 .ARM.attributes
                0x0000049e       0x33 c:/isystem/winidea9/gcc/arm/bin/../lib/gcc/arm-none-eabi/4.9.3/../../../../arm-none-eabi/lib/cortex-m7\libc.a(lib_a-vfprintf.o)
 .ARM.attributes
                0x000004d1       0x33 c:/isystem/winidea9/gcc/arm/bin/../lib/gcc/arm-none-eabi/4.9.3/../../../../arm-none-eabi/lib/cortex-m7\libc.a(lib_a-wsetup.o)
 .ARM.attributes
                0x00000504       0x33 c:/isystem/winidea9/gcc/arm/bin/../lib/gcc/arm-none-eabi/4.9.3/../../../../arm-none-eabi/lib/cortex-m7\libc.a(lib_a-abort.o)
 .ARM.attributes
                0x00000537       0x33 c:/isystem/winidea9/gcc/arm/bin/../lib/gcc/arm-none-eabi/4.9.3/../../../../arm-none-eabi/lib/cortex-m7\libc.a(lib_a-dtoa.o)
 .ARM.attributes
                0x0000056a       0x33 c:/isystem/winidea9/gcc/arm/bin/../lib/gcc/arm-none-eabi/4.9.3/../../../../arm-none-eabi/lib/cortex-m7\libc.a(lib_a-fflush.o)
 .ARM.attributes
                0x0000059d       0x33 c:/isystem/winidea9/gcc/arm/bin/../lib/gcc/arm-none-eabi/4.9.3/../../../../arm-none-eabi/lib/cortex-m7\libc.a(lib_a-findfp.o)
 .ARM.attributes
                0x000005d0       0x33 c:/isystem/winidea9/gcc/arm/bin/../lib/gcc/arm-none-eabi/4.9.3/../../../../arm-none-eabi/lib/cortex-m7\libc.a(lib_a-fputwc.o)
 .ARM.attributes
                0x00000603       0x33 c:/isystem/winidea9/gcc/arm/bin/../lib/gcc/arm-none-eabi/4.9.3/../../../../arm-none-eabi/lib/cortex-m7\libc.a(lib_a-freer.o)
 .ARM.attributes
                0x00000636       0x33 c:/isystem/winidea9/gcc/arm/bin/../lib/gcc/arm-none-eabi/4.9.3/../../../../arm-none-eabi/lib/cortex-m7\libc.a(lib_a-fvwrite.o)
 .ARM.attributes
                0x00000669       0x33 c:/isystem/winidea9/gcc/arm/bin/../lib/gcc/arm-none-eabi/4.9.3/../../../../arm-none-eabi/lib/cortex-m7\libc.a(lib_a-fwalk.o)
 .ARM.attributes
                0x0000069c       0x33 c:/isystem/winidea9/gcc/arm/bin/../lib/gcc/arm-none-eabi/4.9.3/../../../../arm-none-eabi/lib/cortex-m7\libc.a(lib_a-locale.o)
 .ARM.attributes
                0x000006cf       0x33 c:/isystem/winidea9/gcc/arm/bin/../lib/gcc/arm-none-eabi/4.9.3/../../../../arm-none-eabi/lib/cortex-m7\libc.a(lib_a-makebuf.o)
 .ARM.attributes
                0x00000702       0x33 c:/isystem/winidea9/gcc/arm/bin/../lib/gcc/arm-none-eabi/4.9.3/../../../../arm-none-eabi/lib/cortex-m7\libc.a(lib_a-malloc.o)
 .ARM.attributes
                0x00000735       0x33 c:/isystem/winidea9/gcc/arm/bin/../lib/gcc/arm-none-eabi/4.9.3/../../../../arm-none-eabi/lib/cortex-m7\libc.a(lib_a-mallocr.o)
 .ARM.attributes
                0x00000768       0x33 c:/isystem/winidea9/gcc/arm/bin/../lib/gcc/arm-none-eabi/4.9.3/../../../../arm-none-eabi/lib/cortex-m7\libc.a(lib_a-memchr.o)
 .ARM.attributes
                0x0000079b       0x21 c:/isystem/winidea9/gcc/arm/bin/../lib/gcc/arm-none-eabi/4.9.3/../../../../arm-none-eabi/lib/cortex-m7\libc.a(lib_a-memcpy.o)
 .ARM.attributes
                0x000007bc       0x33 c:/isystem/winidea9/gcc/arm/bin/../lib/gcc/arm-none-eabi/4.9.3/../../../../arm-none-eabi/lib/cortex-m7\libc.a(lib_a-memmove.o)
 .ARM.attributes
                0x000007ef       0x33 c:/isystem/winidea9/gcc/arm/bin/../lib/gcc/arm-none-eabi/4.9.3/../../../../arm-none-eabi/lib/cortex-m7\libc.a(lib_a-memset.o)
 .ARM.attributes
                0x00000822       0x33 c:/isystem/winidea9/gcc/arm/bin/../lib/gcc/arm-none-eabi/4.9.3/../../../../arm-none-eabi/lib/cortex-m7\libc.a(lib_a-mlock.o)
 .ARM.attributes
                0x00000855       0x33 c:/isystem/winidea9/gcc/arm/bin/../lib/gcc/arm-none-eabi/4.9.3/../../../../arm-none-eabi/lib/cortex-m7\libc.a(lib_a-mprec.o)
 .ARM.attributes
                0x00000888       0x33 c:/isystem/winidea9/gcc/arm/bin/../lib/gcc/arm-none-eabi/4.9.3/../../../../arm-none-eabi/lib/cortex-m7\libc.a(lib_a-putc.o)
 .ARM.attributes
                0x000008bb       0x33 c:/isystem/winidea9/gcc/arm/bin/../lib/gcc/arm-none-eabi/4.9.3/../../../../arm-none-eabi/lib/cortex-m7\libc.a(lib_a-reallocr.o)
 .ARM.attributes
                0x000008ee       0x33 c:/isystem/winidea9/gcc/arm/bin/../lib/gcc/arm-none-eabi/4.9.3/../../../../arm-none-eabi/lib/cortex-m7\libc.a(lib_a-s_fpclassify.o)
 .ARM.attributes
                0x00000921       0x33 c:/isystem/winidea9/gcc/arm/bin/../lib/gcc/arm-none-eabi/4.9.3/../../../../arm-none-eabi/lib/cortex-m7\libc.a(lib_a-sbrkr.o)
 .ARM.attributes
                0x00000954       0x33 c:/isystem/winidea9/gcc/arm/bin/../lib/gcc/arm-none-eabi/4.9.3/../../../../arm-none-eabi/lib/cortex-m7\libc.a(lib_a-signal.o)
 .ARM.attributes
                0x00000987       0x33 c:/isystem/winidea9/gcc/arm/bin/../lib/gcc/arm-none-eabi/4.9.3/../../../../arm-none-eabi/lib/cortex-m7\libc.a(lib_a-signalr.o)
 .ARM.attributes
                0x000009ba       0x33 c:/isystem/winidea9/gcc/arm/bin/../lib/gcc/arm-none-eabi/4.9.3/../../../../arm-none-eabi/lib/cortex-m7\libc.a(lib_a-stdio.o)
 .ARM.attributes
                0x000009ed       0x33 c:/isystem/winidea9/gcc/arm/bin/../lib/gcc/arm-none-eabi/4.9.3/../../../../arm-none-eabi/lib/cortex-m7\libc.a(lib_a-strlen.o)
 .ARM.attributes
                0x00000a20       0x33 c:/isystem/winidea9/gcc/arm/bin/../lib/gcc/arm-none-eabi/4.9.3/../../../../arm-none-eabi/lib/cortex-m7\libc.a(lib_a-wbuf.o)
 .ARM.attributes
                0x00000a53       0x33 c:/isystem/winidea9/gcc/arm/bin/../lib/gcc/arm-none-eabi/4.9.3/../../../../arm-none-eabi/lib/cortex-m7\libc.a(lib_a-wcrtomb.o)
 .ARM.attributes
                0x00000a86       0x33 c:/isystem/winidea9/gcc/arm/bin/../lib/gcc/arm-none-eabi/4.9.3/../../../../arm-none-eabi/lib/cortex-m7\libc.a(lib_a-wctomb_r.o)
 .ARM.attributes
                0x00000ab9       0x33 c:/isystem/winidea9/gcc/arm/bin/../lib/gcc/arm-none-eabi/4.9.3/../../../../arm-none-eabi/lib/cortex-m7\libc.a(lib_a-writer.o)
 .ARM.attributes
                0x00000aec       0x33 c:/isystem/winidea9/gcc/arm/bin/../lib/gcc/arm-none-eabi/4.9.3/../../../../arm-none-eabi/lib/cortex-m7\libc.a(lib_a-callocr.o)
 .ARM.attributes
                0x00000b1f       0x33 c:/isystem/winidea9/gcc/arm/bin/../lib/gcc/arm-none-eabi/4.9.3/../../../../arm-none-eabi/lib/cortex-m7\libc.a(lib_a-closer.o)
 .ARM.attributes
                0x00000b52       0x33 c:/isystem/winidea9/gcc/arm/bin/../lib/gcc/arm-none-eabi/4.9.3/../../../../arm-none-eabi/lib/cortex-m7\libc.a(lib_a-fclose.o)
 .ARM.attributes
                0x00000b85       0x33 c:/isystem/winidea9/gcc/arm/bin/../lib/gcc/arm-none-eabi/4.9.3/../../../../arm-none-eabi/lib/cortex-m7\libc.a(lib_a-fstatr.o)
 .ARM.attributes
                0x00000bb8       0x33 c:/isystem/winidea9/gcc/arm/bin/../lib/gcc/arm-none-eabi/4.9.3/../../../../arm-none-eabi/lib/cortex-m7\libc.a(lib_a-isattyr.o)
 .ARM.attributes
                0x00000beb       0x33 c:/isystem/winidea9/gcc/arm/bin/../lib/gcc/arm-none-eabi/4.9.3/../../../../arm-none-eabi/lib/cortex-m7\libc.a(lib_a-lseekr.o)
 .ARM.attributes
                0x00000c1e       0x33 c:/isystem/winidea9/gcc/arm/bin/../lib/gcc/arm-none-eabi/4.9.3/../../../../arm-none-eabi/lib/cortex-m7\libc.a(lib_a-readr.o)
 .ARM.attributes
                0x00000c51       0x33 c:/isystem/winidea9/gcc/arm/bin/../lib/gcc/arm-none-eabi/4.9.3/../../../../arm-none-eabi/lib/cortex-m7\libc.a(lib_a-reent.o)
 .ARM.attributes
                0x00000c84       0x23 c:/isystem/winidea9/gcc/arm/bin/../lib/gcc/arm-none-eabi/4.9.3/cortex-m7\libgcc.a(_arm_addsubdf3.o)
 .ARM.attributes
                0x00000ca7       0x23 c:/isystem/winidea9/gcc/arm/bin/../lib/gcc/arm-none-eabi/4.9.3/cortex-m7\libgcc.a(_arm_muldivdf3.o)
 .ARM.attributes
                0x00000cca       0x23 c:/isystem/winidea9/gcc/arm/bin/../lib/gcc/arm-none-eabi/4.9.3/cortex-m7\libgcc.a(_arm_cmpdf2.o)
 .ARM.attributes
                0x00000ced       0x23 c:/isystem/winidea9/gcc/arm/bin/../lib/gcc/arm-none-eabi/4.9.3/cortex-m7\libgcc.a(_arm_fixdfsi.o)
 .ARM.attributes
                0x00000d10       0x23 c:/isystem/winidea9/gcc/arm/bin/../lib/gcc/arm-none-eabi/4.9.3/cortex-m7\libgcc.a(_aeabi_uldivmod.o)
 .ARM.attributes
                0x00000d33       0x33 c:/isystem/winidea9/gcc/arm/bin/../lib/gcc/arm-none-eabi/4.9.3/cortex-m7\libgcc.a(bpabi.o)
 .ARM.attributes
                0x00000d66       0x23 c:/isystem/winidea9/gcc/arm/bin/../lib/gcc/arm-none-eabi/4.9.3/cortex-m7\libgcc.a(_dvmd_tls.o)
 .ARM.attributes
                0x00000d89       0x33 c:/isystem/winidea9/gcc/arm/bin/../lib/gcc/arm-none-eabi/4.9.3/cortex-m7\libgcc.a(_divdi3.o)
 .ARM.attributes
                0x00000dbc       0x33 c:/isystem/winidea9/gcc/arm/bin/../lib/gcc/arm-none-eabi/4.9.3/cortex-m7\libgcc.a(_udivdi3.o)

.debug_frame    0x00000000     0x2230
 .debug_frame   0x00000000       0x4c C:\SAMV71x\app\01_scheduler\SAMV71_Xplained_Ultra\Debug\main.o
 .debug_frame   0x0000004c       0xc0 C:\SAMV71x\app\01_scheduler\SAMV71_Xplained_Ultra\Debug\system_sam.o
 .debug_frame   0x0000010c      0x1b4 C:\SAMV71x\app\01_scheduler\SAMV71_Xplained_Ultra\Debug\syscalls.o
 .debug_frame   0x000002c0       0xf0 C:\SAMV71x\app\01_scheduler\SAMV71_Xplained_Ultra\Debug\app_scheduler.o
 .debug_frame   0x000003b0       0xcc C:\SAMV71x\app\01_scheduler\SAMV71_Xplained_Ultra\Debug\app_tasks.o
 .debug_frame   0x0000047c       0x68 C:\SAMV71x\app\01_scheduler\SAMV71_Xplained_Ultra\Debug\startup_sam.o
 .debug_frame   0x000004e4       0x50 C:\SAMV71x\app\01_scheduler\SAMV71_Xplained_Ultra\Debug\board_lowlevel.o
 .debug_frame   0x00000534      0x1a4 C:\SAMV71x\app\01_scheduler\SAMV71_Xplained_Ultra\Debug\dbg_console.o
 .debug_frame   0x000006d8       0xa0 C:\SAMV71x\app\01_scheduler\SAMV71_Xplained_Ultra\Debug\led.o
 .debug_frame   0x00000778      0x35c C:\SAMV71x\app\01_scheduler\SAMV71_Xplained_Ultra\Debug\pmc.o
 .debug_frame   0x00000ad4      0x294 C:\SAMV71x\app\01_scheduler\SAMV71_Xplained_Ultra\Debug\pio.o
 .debug_frame   0x00000d68       0xf4 C:\SAMV71x\app\01_scheduler\SAMV71_Xplained_Ultra\Debug\mpu.o
 .debug_frame   0x00000e5c       0xcc C:\SAMV71x\app\01_scheduler\SAMV71_Xplained_Ultra\Debug\exceptions.o
 .debug_frame   0x00000f28       0x9c C:\SAMV71x\app\01_scheduler\SAMV71_Xplained_Ultra\Debug\systick.o
 .debug_frame   0x00000fc4       0x48 C:\SAMV71x\app\01_scheduler\SAMV71_Xplained_Ultra\Debug\led_ctrl.o
 .debug_frame   0x0000100c       0x40 c:/isystem/winidea9/gcc/arm/bin/../lib/gcc/arm-none-eabi/4.9.3/../../../../arm-none-eabi/lib/cortex-m7\libc.a(lib_a-assert.o)
 .debug_frame   0x0000104c       0x74 c:/isystem/winidea9/gcc/arm/bin/../lib/gcc/arm-none-eabi/4.9.3/../../../../arm-none-eabi/lib/cortex-m7\libc.a(lib_a-fiprintf.o)
 .debug_frame   0x000010c0       0x78 c:/isystem/winidea9/gcc/arm/bin/../lib/gcc/arm-none-eabi/4.9.3/../../../../arm-none-eabi/lib/cortex-m7\libc.a(lib_a-printf.o)
 .debug_frame   0x00001138       0x30 c:/isystem/winidea9/gcc/arm/bin/../lib/gcc/arm-none-eabi/4.9.3/../../../../arm-none-eabi/lib/cortex-m7\libc.a(lib_a-putchar.o)
 .debug_frame   0x00001168       0x34 c:/isystem/winidea9/gcc/arm/bin/../lib/gcc/arm-none-eabi/4.9.3/../../../../arm-none-eabi/lib/cortex-m7\libc.a(lib_a-setvbuf.o)
 .debug_frame   0x0000119c       0xdc c:/isystem/winidea9/gcc/arm/bin/../lib/gcc/arm-none-eabi/4.9.3/../../../../arm-none-eabi/lib/cortex-m7\libc.a(lib_a-vfiprintf.o)
 .debug_frame   0x00001278       0x94 c:/isystem/winidea9/gcc/arm/bin/../lib/gcc/arm-none-eabi/4.9.3/../../../../arm-none-eabi/lib/cortex-m7\libc.a(lib_a-vfprintf.o)
 .debug_frame   0x0000130c       0x2c c:/isystem/winidea9/gcc/arm/bin/../lib/gcc/arm-none-eabi/4.9.3/../../../../arm-none-eabi/lib/cortex-m7\libc.a(lib_a-wsetup.o)
 .debug_frame   0x00001338       0x28 c:/isystem/winidea9/gcc/arm/bin/../lib/gcc/arm-none-eabi/4.9.3/../../../../arm-none-eabi/lib/cortex-m7\libc.a(lib_a-abort.o)
 .debug_frame   0x00001360       0x84 c:/isystem/winidea9/gcc/arm/bin/../lib/gcc/arm-none-eabi/4.9.3/../../../../arm-none-eabi/lib/cortex-m7\libc.a(lib_a-dtoa.o)
 .debug_frame   0x000013e4       0x6c c:/isystem/winidea9/gcc/arm/bin/../lib/gcc/arm-none-eabi/4.9.3/../../../../arm-none-eabi/lib/cortex-m7\libc.a(lib_a-fflush.o)
 .debug_frame   0x00001450      0x120 c:/isystem/winidea9/gcc/arm/bin/../lib/gcc/arm-none-eabi/4.9.3/../../../../arm-none-eabi/lib/cortex-m7\libc.a(lib_a-findfp.o)
 .debug_frame   0x00001570       0x84 c:/isystem/winidea9/gcc/arm/bin/../lib/gcc/arm-none-eabi/4.9.3/../../../../arm-none-eabi/lib/cortex-m7\libc.a(lib_a-fputwc.o)
 .debug_frame   0x000015f4       0x74 c:/isystem/winidea9/gcc/arm/bin/../lib/gcc/arm-none-eabi/4.9.3/../../../../arm-none-eabi/lib/cortex-m7\libc.a(lib_a-freer.o)
 .debug_frame   0x00001668       0x68 c:/isystem/winidea9/gcc/arm/bin/../lib/gcc/arm-none-eabi/4.9.3/../../../../arm-none-eabi/lib/cortex-m7\libc.a(lib_a-fvwrite.o)
 .debug_frame   0x000016d0       0x54 c:/isystem/winidea9/gcc/arm/bin/../lib/gcc/arm-none-eabi/4.9.3/../../../../arm-none-eabi/lib/cortex-m7\libc.a(lib_a-fwalk.o)
 .debug_frame   0x00001724       0x9c c:/isystem/winidea9/gcc/arm/bin/../lib/gcc/arm-none-eabi/4.9.3/../../../../arm-none-eabi/lib/cortex-m7\libc.a(lib_a-locale.o)
 .debug_frame   0x000017c0       0x48 c:/isystem/winidea9/gcc/arm/bin/../lib/gcc/arm-none-eabi/4.9.3/../../../../arm-none-eabi/lib/cortex-m7\libc.a(lib_a-makebuf.o)
 .debug_frame   0x00001808       0x30 c:/isystem/winidea9/gcc/arm/bin/../lib/gcc/arm-none-eabi/4.9.3/../../../../arm-none-eabi/lib/cortex-m7\libc.a(lib_a-malloc.o)
 .debug_frame   0x00001838       0x58 c:/isystem/winidea9/gcc/arm/bin/../lib/gcc/arm-none-eabi/4.9.3/../../../../arm-none-eabi/lib/cortex-m7\libc.a(lib_a-mallocr.o)
 .debug_frame   0x00001890       0x3c c:/isystem/winidea9/gcc/arm/bin/../lib/gcc/arm-none-eabi/4.9.3/../../../../arm-none-eabi/lib/cortex-m7\libc.a(lib_a-memchr.o)
 .debug_frame   0x000018cc       0x30 c:/isystem/winidea9/gcc/arm/bin/../lib/gcc/arm-none-eabi/4.9.3/../../../../arm-none-eabi/lib/cortex-m7\libc.a(lib_a-memmove.o)
 .debug_frame   0x000018fc       0x34 c:/isystem/winidea9/gcc/arm/bin/../lib/gcc/arm-none-eabi/4.9.3/../../../../arm-none-eabi/lib/cortex-m7\libc.a(lib_a-memset.o)